// Vitest Snapshot v1, https://vitest.dev/guide/snapshot.html

exports[`parseAnthropic > matches the full-output snapshot 1`] = `
[
  {
    "announced": "2024-09-04",
    "api_ids": [
      "claude-1.0",
    ],
    "dies": "2024-11-06",
    "dies_is_earliest_possible": false,
    "id": "anthropic:model:claude-1.0",
    "migration_url": "https://platform.claude.com/docs/en/about-claude/model-deprecations",
    "platform": "first-party",
    "provider": "anthropic",
    "replacement_id": "claude-haiku-4-5-20251001",
    "replacement_notes": null,
    "source_url": "https://platform.claude.com/docs/en/about-claude/model-deprecations",
    "status": "retired",
    "surface": "model",
    "verified_at": "2026-08-16",
  },
  {
    "announced": "2024-09-04",
    "api_ids": [
      "claude-1.1",
    ],
    "dies": "2024-11-06",
    "dies_is_earliest_possible": false,
    "id": "anthropic:model:claude-1.1",
    "migration_url": "https://platform.claude.com/docs/en/about-claude/model-deprecations",
    "platform": "first-party",
    "provider": "anthropic",
    "replacement_id": "claude-haiku-4-5-20251001",
    "replacement_notes": null,
    "source_url": "https://platform.claude.com/docs/en/about-claude/model-deprecations",
    "status": "retired",
    "surface": "model",
    "verified_at": "2026-08-16",
  },
  {
    "announced": "2024-09-04",
    "api_ids": [
      "claude-1.2",
    ],
    "dies": "2024-11-06",
    "dies_is_earliest_possible": false,
    "id": "anthropic:model:claude-1.2",
    "migration_url": "https://platform.claude.com/docs/en/about-claude/model-deprecations",
    "platform": "first-party",
    "provider": "anthropic",
    "replacement_id": "claude-haiku-4-5-20251001",
    "replacement_notes": null,
    "source_url": "https://platform.claude.com/docs/en/about-claude/model-deprecations",
    "status": "retired",
    "surface": "model",
    "verified_at": "2026-08-16",
  },
  {
    "announced": "2024-09-04",
    "api_ids": [
      "claude-1.3",
    ],
    "dies": "2024-11-06",
    "dies_is_earliest_possible": false,
    "id": "anthropic:model:claude-1.3",
    "migration_url": "https://platform.claude.com/docs/en/about-claude/model-deprecations",
    "platform": "first-party",
    "provider": "anthropic",
    "replacement_id": "claude-haiku-4-5-20251001",
    "replacement_notes": null,
    "source_url": "https://platform.claude.com/docs/en/about-claude/model-deprecations",
    "status": "retired",
    "surface": "model",
    "verified_at": "2026-08-16",
  },
  {
    "announced": "2025-01-21",
    "api_ids": [
      "claude-2.0",
    ],
    "dies": "2025-07-21",
    "dies_is_earliest_possible": false,
    "id": "anthropic:model:claude-2.0",
    "migration_url": "https://platform.claude.com/docs/en/about-claude/model-deprecations",
    "platform": "first-party",
    "provider": "anthropic",
    "replacement_id": "claude-opus-4-8",
    "replacement_notes": null,
    "source_url": "https://platform.claude.com/docs/en/about-claude/model-deprecations",
    "status": "retired",
    "surface": "model",
    "verified_at": "2026-08-16",
  },
  {
    "announced": "2025-01-21",
    "api_ids": [
      "claude-2.1",
    ],
    "dies": "2025-07-21",
    "dies_is_earliest_possible": false,
    "id": "anthropic:model:claude-2.1",
    "migration_url": "https://platform.claude.com/docs/en/about-claude/model-deprecations",
    "platform": "first-party",
    "provider": "anthropic",
    "replacement_id": "claude-opus-4-8",
    "replacement_notes": null,
    "source_url": "https://platform.claude.com/docs/en/about-claude/model-deprecations",
    "status": "retired",
    "surface": "model",
    "verified_at": "2026-08-16",
  },
  {
    "announced": "2025-12-19",
    "api_ids": [
      "claude-3-5-haiku-20241022",
    ],
    "dies": "2026-02-19",
    "dies_is_earliest_possible": false,
    "id": "anthropic:model:claude-3-5-haiku-20241022",
    "migration_url": "https://platform.claude.com/docs/en/about-claude/model-deprecations",
    "platform": "first-party",
    "provider": "anthropic",
    "replacement_id": "claude-haiku-4-5-20251001",
    "replacement_notes": null,
    "source_url": "https://platform.claude.com/docs/en/about-claude/model-deprecations",
    "status": "retired",
    "surface": "model",
    "verified_at": "2026-08-16",
  },
  {
    "announced": "2025-08-13",
    "api_ids": [
      "claude-3-5-sonnet-20240620",
    ],
    "dies": "2025-10-28",
    "dies_is_earliest_possible": false,
    "id": "anthropic:model:claude-3-5-sonnet-20240620",
    "migration_url": "https://platform.claude.com/docs/en/about-claude/model-deprecations",
    "platform": "first-party",
    "provider": "anthropic",
    "replacement_id": "claude-sonnet-4-6",
    "replacement_notes": null,
    "source_url": "https://platform.claude.com/docs/en/about-claude/model-deprecations",
    "status": "retired",
    "surface": "model",
    "verified_at": "2026-08-16",
  },
  {
    "announced": "2025-08-13",
    "api_ids": [
      "claude-3-5-sonnet-20241022",
    ],
    "dies": "2025-10-28",
    "dies_is_earliest_possible": false,
    "id": "anthropic:model:claude-3-5-sonnet-20241022",
    "migration_url": "https://platform.claude.com/docs/en/about-claude/model-deprecations",
    "platform": "first-party",
    "provider": "anthropic",
    "replacement_id": "claude-sonnet-4-6",
    "replacement_notes": null,
    "source_url": "https://platform.claude.com/docs/en/about-claude/model-deprecations",
    "status": "retired",
    "surface": "model",
    "verified_at": "2026-08-16",
  },
  {
    "announced": "2025-10-28",
    "api_ids": [
      "claude-3-7-sonnet-20250219",
    ],
    "dies": "2026-02-19",
    "dies_is_earliest_possible": false,
    "id": "anthropic:model:claude-3-7-sonnet-20250219",
    "migration_url": "https://platform.claude.com/docs/en/about-claude/model-deprecations",
    "platform": "first-party",
    "provider": "anthropic",
    "replacement_id": "claude-sonnet-4-6",
    "replacement_notes": null,
    "source_url": "https://platform.claude.com/docs/en/about-claude/model-deprecations",
    "status": "retired",
    "surface": "model",
    "verified_at": "2026-08-16",
  },
  {
    "announced": "2026-02-19",
    "api_ids": [
      "claude-3-haiku-20240307",
    ],
    "dies": "2026-04-20",
    "dies_is_earliest_possible": false,
    "id": "anthropic:model:claude-3-haiku-20240307",
    "migration_url": "https://platform.claude.com/docs/en/about-claude/model-deprecations",
    "platform": "first-party",
    "provider": "anthropic",
    "replacement_id": "claude-haiku-4-5-20251001",
    "replacement_notes": null,
    "source_url": "https://platform.claude.com/docs/en/about-claude/model-deprecations",
    "status": "retired",
    "surface": "model",
    "verified_at": "2026-08-16",
  },
  {
    "announced": "2025-06-30",
    "api_ids": [
      "claude-3-opus-20240229",
    ],
    "dies": "2026-01-05",
    "dies_is_earliest_possible": false,
    "id": "anthropic:model:claude-3-opus-20240229",
    "migration_url": "https://platform.claude.com/docs/en/about-claude/model-deprecations",
    "platform": "first-party",
    "provider": "anthropic",
    "replacement_id": "claude-opus-4-8",
    "replacement_notes": null,
    "source_url": "https://platform.claude.com/docs/en/about-claude/model-deprecations",
    "status": "retired",
    "surface": "model",
    "verified_at": "2026-08-16",
  },
  {
    "announced": "2025-01-21",
    "api_ids": [
      "claude-3-sonnet-20240229",
    ],
    "dies": "2025-07-21",
    "dies_is_earliest_possible": false,
    "id": "anthropic:model:claude-3-sonnet-20240229",
    "migration_url": "https://platform.claude.com/docs/en/about-claude/model-deprecations",
    "platform": "first-party",
    "provider": "anthropic",
    "replacement_id": "claude-sonnet-4-6",
    "replacement_notes": null,
    "source_url": "https://platform.claude.com/docs/en/about-claude/model-deprecations",
    "status": "retired",
    "surface": "model",
    "verified_at": "2026-08-16",
  },
  {
    "announced": "2024-09-04",
    "api_ids": [
      "claude-instant-1.0",
    ],
    "dies": "2024-11-06",
    "dies_is_earliest_possible": false,
    "id": "anthropic:model:claude-instant-1.0",
    "migration_url": "https://platform.claude.com/docs/en/about-claude/model-deprecations",
    "platform": "first-party",
    "provider": "anthropic",
    "replacement_id": "claude-haiku-4-5-20251001",
    "replacement_notes": null,
    "source_url": "https://platform.claude.com/docs/en/about-claude/model-deprecations",
    "status": "retired",
    "surface": "model",
    "verified_at": "2026-08-16",
  },
  {
    "announced": "2024-09-04",
    "api_ids": [
      "claude-instant-1.1",
    ],
    "dies": "2024-11-06",
    "dies_is_earliest_possible": false,
    "id": "anthropic:model:claude-instant-1.1",
    "migration_url": "https://platform.claude.com/docs/en/about-claude/model-deprecations",
    "platform": "first-party",
    "provider": "anthropic",
    "replacement_id": "claude-haiku-4-5-20251001",
    "replacement_notes": null,
    "source_url": "https://platform.claude.com/docs/en/about-claude/model-deprecations",
    "status": "retired",
    "surface": "model",
    "verified_at": "2026-08-16",
  },
  {
    "announced": "2024-09-04",
    "api_ids": [
      "claude-instant-1.2",
    ],
    "dies": "2024-11-06",
    "dies_is_earliest_possible": false,
    "id": "anthropic:model:claude-instant-1.2",
    "migration_url": "https://platform.claude.com/docs/en/about-claude/model-deprecations",
    "platform": "first-party",
    "provider": "anthropic",
    "replacement_id": "claude-haiku-4-5-20251001",
    "replacement_notes": null,
    "source_url": "https://platform.claude.com/docs/en/about-claude/model-deprecations",
    "status": "retired",
    "surface": "model",
    "verified_at": "2026-08-16",
  },
  {
    "announced": null,
    "api_ids": [
      "claude-mythos-preview",
    ],
    "dies": null,
    "dies_is_earliest_possible": false,
    "id": "anthropic:model:claude-mythos-preview",
    "migration_url": "https://platform.claude.com/docs/en/about-claude/model-deprecations",
    "platform": "first-party",
    "provider": "anthropic",
    "replacement_id": "claude-mythos-5",
    "replacement_notes": null,
    "source_url": "https://platform.claude.com/docs/en/about-claude/model-deprecations",
    "status": "deprecated",
    "surface": "model",
    "verified_at": "2026-08-16",
  },
  {
    "announced": "2026-06-05",
    "api_ids": [
      "claude-opus-4-1-20250805",
    ],
    "dies": "2026-08-05",
    "dies_is_earliest_possible": false,
    "id": "anthropic:model:claude-opus-4-1-20250805",
    "migration_url": "https://platform.claude.com/docs/en/about-claude/model-deprecations",
    "platform": "first-party",
    "provider": "anthropic",
    "replacement_id": "claude-opus-4-8",
    "replacement_notes": null,
    "source_url": "https://platform.claude.com/docs/en/about-claude/model-deprecations",
    "status": "retired",
    "surface": "model",
    "verified_at": "2026-08-16",
  },
  {
    "announced": "2026-04-14",
    "api_ids": [
      "claude-opus-4-20250514",
    ],
    "dies": "2026-06-15",
    "dies_is_earliest_possible": false,
    "id": "anthropic:model:claude-opus-4-20250514",
    "migration_url": "https://platform.claude.com/docs/en/about-claude/model-deprecations",
    "platform": "first-party",
    "provider": "anthropic",
    "replacement_id": "claude-opus-4-8",
    "replacement_notes": null,
    "source_url": "https://platform.claude.com/docs/en/about-claude/model-deprecations",
    "status": "retired",
    "surface": "model",
    "verified_at": "2026-08-16",
  },
  {
    "announced": "2026-04-14",
    "api_ids": [
      "claude-sonnet-4-20250514",
    ],
    "dies": "2026-06-15",
    "dies_is_earliest_possible": false,
    "id": "anthropic:model:claude-sonnet-4-20250514",
    "migration_url": "https://platform.claude.com/docs/en/about-claude/model-deprecations",
    "platform": "first-party",
    "provider": "anthropic",
    "replacement_id": "claude-sonnet-4-6",
    "replacement_notes": null,
    "source_url": "https://platform.claude.com/docs/en/about-claude/model-deprecations",
    "status": "retired",
    "surface": "model",
    "verified_at": "2026-08-16",
  },
  {
    "announced": null,
    "api_ids": [
      "temperature",
      "top_p",
      "top_k",
    ],
    "dies": null,
    "dies_is_earliest_possible": false,
    "id": "anthropic:param:temperature-top-p-top-k",
    "migration_url": "https://platform.claude.com/docs/en/about-claude/model-deprecations",
    "platform": "first-party",
    "provider": "anthropic",
    "replacement_id": null,
    "replacement_notes": "omit temperature/top_p/top_k on Claude Opus 4.7+ and newer; non-default values return 400. Use prompting instead.",
    "source_url": "https://platform.claude.com/docs/en/about-claude/model-deprecations",
    "status": "deprecated",
    "surface": "param",
    "verified_at": "2026-08-16",
  },
]
`;
