// Vitest Snapshot v1, https://vitest.dev/guide/snapshot.html

exports[`parseGoogle > matches the full-output snapshot 1`] = `
[
  {
    "announced": null,
    "api_ids": [
      "embedding-001",
    ],
    "dies": "2025-10-30",
    "dies_is_earliest_possible": false,
    "id": "google:model:embedding-001",
    "migration_url": null,
    "platform": "first-party",
    "provider": "google",
    "replacement_id": "gemini-embedding-2",
    "replacement_notes": null,
    "source_url": "https://ai.google.dev/gemini-api/docs/deprecations",
    "status": "retired",
    "surface": "model",
    "verified_at": "2026-08-16",
  },
  {
    "announced": null,
    "api_ids": [
      "embedding-2-preview",
    ],
    "dies": "2026-08-10",
    "dies_is_earliest_possible": false,
    "id": "google:model:embedding-2-preview",
    "migration_url": null,
    "platform": "first-party",
    "provider": "google",
    "replacement_id": "gemini-embedding-2",
    "replacement_notes": null,
    "source_url": "https://ai.google.dev/gemini-api/docs/deprecations",
    "status": "retired",
    "surface": "model",
    "verified_at": "2026-08-16",
  },
  {
    "announced": null,
    "api_ids": [
      "embedding-gecko-001",
    ],
    "dies": "2025-10-30",
    "dies_is_earliest_possible": false,
    "id": "google:model:embedding-gecko-001",
    "migration_url": null,
    "platform": "first-party",
    "provider": "google",
    "replacement_id": "gemini-embedding-2",
    "replacement_notes": null,
    "source_url": "https://ai.google.dev/gemini-api/docs/deprecations",
    "status": "retired",
    "surface": "model",
    "verified_at": "2026-08-16",
  },
  {
    "announced": null,
    "api_ids": [
      "gemini-2.0-flash",
    ],
    "dies": "2026-06-01",
    "dies_is_earliest_possible": false,
    "id": "google:model:gemini-2.0-flash",
    "migration_url": null,
    "platform": "first-party",
    "provider": "google",
    "replacement_id": "gemini-3.6-flash",
    "replacement_notes": null,
    "source_url": "https://ai.google.dev/gemini-api/docs/deprecations",
    "status": "retired",
    "surface": "model",
    "verified_at": "2026-08-16",
  },
  {
    "announced": null,
    "api_ids": [
      "gemini-2.0-flash-001",
    ],
    "dies": "2026-06-01",
    "dies_is_earliest_possible": false,
    "id": "google:model:gemini-2.0-flash-001",
    "migration_url": null,
    "platform": "first-party",
    "provider": "google",
    "replacement_id": "gemini-3.6-flash",
    "replacement_notes": null,
    "source_url": "https://ai.google.dev/gemini-api/docs/deprecations",
    "status": "retired",
    "surface": "model",
    "verified_at": "2026-08-16",
  },
  {
    "announced": null,
    "api_ids": [
      "gemini-2.0-flash-lite",
    ],
    "dies": "2026-06-01",
    "dies_is_earliest_possible": false,
    "id": "google:model:gemini-2.0-flash-lite",
    "migration_url": null,
    "platform": "first-party",
    "provider": "google",
    "replacement_id": "gemini-3.1-flash-lite",
    "replacement_notes": null,
    "source_url": "https://ai.google.dev/gemini-api/docs/deprecations",
    "status": "retired",
    "surface": "model",
    "verified_at": "2026-08-16",
  },
  {
    "announced": null,
    "api_ids": [
      "gemini-2.0-flash-lite-001",
    ],
    "dies": "2026-06-01",
    "dies_is_earliest_possible": false,
    "id": "google:model:gemini-2.0-flash-lite-001",
    "migration_url": null,
    "platform": "first-party",
    "provider": "google",
    "replacement_id": "gemini-3.1-flash-lite",
    "replacement_notes": null,
    "source_url": "https://ai.google.dev/gemini-api/docs/deprecations",
    "status": "retired",
    "surface": "model",
    "verified_at": "2026-08-16",
  },
  {
    "announced": null,
    "api_ids": [
      "gemini-2.0-flash-lite-preview",
    ],
    "dies": "2025-12-09",
    "dies_is_earliest_possible": false,
    "id": "google:model:gemini-2.0-flash-lite-preview",
    "migration_url": null,
    "platform": "first-party",
    "provider": "google",
    "replacement_id": "gemini-2.5-flash-lite",
    "replacement_notes": null,
    "source_url": "https://ai.google.dev/gemini-api/docs/deprecations",
    "status": "retired",
    "surface": "model",
    "verified_at": "2026-08-16",
  },
  {
    "announced": null,
    "api_ids": [
      "gemini-2.0-flash-lite-preview-02-05",
    ],
    "dies": "2025-12-09",
    "dies_is_earliest_possible": false,
    "id": "google:model:gemini-2.0-flash-lite-preview-02-05",
    "migration_url": null,
    "platform": "first-party",
    "provider": "google",
    "replacement_id": "gemini-2.5-flash-lite",
    "replacement_notes": null,
    "source_url": "https://ai.google.dev/gemini-api/docs/deprecations",
    "status": "retired",
    "surface": "model",
    "verified_at": "2026-08-16",
  },
  {
    "announced": null,
    "api_ids": [
      "gemini-2.0-flash-live-001",
    ],
    "dies": "2025-12-09",
    "dies_is_earliest_possible": false,
    "id": "google:model:gemini-2.0-flash-live-001",
    "migration_url": null,
    "platform": "first-party",
    "provider": "google",
    "replacement_id": "gemini-3.1-flash-live-preview",
    "replacement_notes": null,
    "source_url": "https://ai.google.dev/gemini-api/docs/deprecations",
    "status": "retired",
    "surface": "model",
    "verified_at": "2026-08-16",
  },
  {
    "announced": null,
    "api_ids": [
      "gemini-2.0-flash-preview-image-generation",
    ],
    "dies": "2025-11-14",
    "dies_is_earliest_possible": false,
    "id": "google:model:gemini-2.0-flash-preview-image-generation",
    "migration_url": null,
    "platform": "first-party",
    "provider": "google",
    "replacement_id": "gemini-2.5-flash-image",
    "replacement_notes": null,
    "source_url": "https://ai.google.dev/gemini-api/docs/deprecations",
    "status": "retired",
    "surface": "model",
    "verified_at": "2026-08-16",
  },
  {
    "announced": null,
    "api_ids": [
      "gemini-2.5-flash-image",
    ],
    "dies": "2026-10-02",
    "dies_is_earliest_possible": true,
    "id": "google:model:gemini-2.5-flash-image",
    "migration_url": null,
    "platform": "first-party",
    "provider": "google",
    "replacement_id": "gemini-3.1-flash-image-preview",
    "replacement_notes": null,
    "source_url": "https://ai.google.dev/gemini-api/docs/deprecations",
    "status": "deprecated",
    "surface": "model",
    "verified_at": "2026-08-16",
  },
  {
    "announced": null,
    "api_ids": [
      "gemini-2.5-flash-image-preview",
    ],
    "dies": "2026-01-15",
    "dies_is_earliest_possible": false,
    "id": "google:model:gemini-2.5-flash-image-preview",
    "migration_url": null,
    "platform": "first-party",
    "provider": "google",
    "replacement_id": "gemini-2.5-flash-image",
    "replacement_notes": null,
    "source_url": "https://ai.google.dev/gemini-api/docs/deprecations",
    "status": "retired",
    "surface": "model",
    "verified_at": "2026-08-16",
  },
  {
    "announced": null,
    "api_ids": [
      "gemini-2.5-flash-lite-preview-09-2025",
    ],
    "dies": "2026-03-31",
    "dies_is_earliest_possible": false,
    "id": "google:model:gemini-2.5-flash-lite-preview-09-2025",
    "migration_url": null,
    "platform": "first-party",
    "provider": "google",
    "replacement_id": "gemini-3.1-flash-lite",
    "replacement_notes": null,
    "source_url": "https://ai.google.dev/gemini-api/docs/deprecations",
    "status": "retired",
    "surface": "model",
    "verified_at": "2026-08-16",
  },
  {
    "announced": null,
    "api_ids": [
      "gemini-2.5-flash-preview-05-20",
    ],
    "dies": "2025-11-18",
    "dies_is_earliest_possible": false,
    "id": "google:model:gemini-2.5-flash-preview-05-20",
    "migration_url": null,
    "platform": "first-party",
    "provider": "google",
    "replacement_id": "gemini-3.6-flash",
    "replacement_notes": null,
    "source_url": "https://ai.google.dev/gemini-api/docs/deprecations",
    "status": "retired",
    "surface": "model",
    "verified_at": "2026-08-16",
  },
  {
    "announced": null,
    "api_ids": [
      "gemini-2.5-flash-preview-09-25",
    ],
    "dies": "2026-02-17",
    "dies_is_earliest_possible": false,
    "id": "google:model:gemini-2.5-flash-preview-09-25",
    "migration_url": null,
    "platform": "first-party",
    "provider": "google",
    "replacement_id": "gemini-3.6-flash",
    "replacement_notes": null,
    "source_url": "https://ai.google.dev/gemini-api/docs/deprecations",
    "status": "retired",
    "surface": "model",
    "verified_at": "2026-08-16",
  },
  {
    "announced": null,
    "api_ids": [
      "gemini-2.5-pro-preview-03-25",
    ],
    "dies": "2025-12-02",
    "dies_is_earliest_possible": false,
    "id": "google:model:gemini-2.5-pro-preview-03-25",
    "migration_url": null,
    "platform": "first-party",
    "provider": "google",
    "replacement_id": "gemini-3.1-pro-preview",
    "replacement_notes": null,
    "source_url": "https://ai.google.dev/gemini-api/docs/deprecations",
    "status": "retired",
    "surface": "model",
    "verified_at": "2026-08-16",
  },
  {
    "announced": null,
    "api_ids": [
      "gemini-2.5-pro-preview-05-06",
    ],
    "dies": "2025-12-02",
    "dies_is_earliest_possible": false,
    "id": "google:model:gemini-2.5-pro-preview-05-06",
    "migration_url": null,
    "platform": "first-party",
    "provider": "google",
    "replacement_id": "gemini-3.1-pro-preview",
    "replacement_notes": null,
    "source_url": "https://ai.google.dev/gemini-api/docs/deprecations",
    "status": "retired",
    "surface": "model",
    "verified_at": "2026-08-16",
  },
  {
    "announced": null,
    "api_ids": [
      "gemini-2.5-pro-preview-06-05",
    ],
    "dies": "2025-12-02",
    "dies_is_earliest_possible": false,
    "id": "google:model:gemini-2.5-pro-preview-06-05",
    "migration_url": null,
    "platform": "first-party",
    "provider": "google",
    "replacement_id": "gemini-3.1-pro-preview",
    "replacement_notes": null,
    "source_url": "https://ai.google.dev/gemini-api/docs/deprecations",
    "status": "retired",
    "surface": "model",
    "verified_at": "2026-08-16",
  },
  {
    "announced": null,
    "api_ids": [
      "gemini-3-pro-image-preview",
    ],
    "dies": "2026-06-25",
    "dies_is_earliest_possible": false,
    "id": "google:model:gemini-3-pro-image-preview",
    "migration_url": null,
    "platform": "first-party",
    "provider": "google",
    "replacement_id": "gemini-3-pro-image",
    "replacement_notes": null,
    "source_url": "https://ai.google.dev/gemini-api/docs/deprecations",
    "status": "retired",
    "surface": "model",
    "verified_at": "2026-08-16",
  },
  {
    "announced": null,
    "api_ids": [
      "gemini-3-pro-preview",
    ],
    "dies": "2026-03-09",
    "dies_is_earliest_possible": false,
    "id": "google:model:gemini-3-pro-preview",
    "migration_url": null,
    "platform": "first-party",
    "provider": "google",
    "replacement_id": "gemini-3.1-pro-preview",
    "replacement_notes": null,
    "source_url": "https://ai.google.dev/gemini-api/docs/deprecations",
    "status": "retired",
    "surface": "model",
    "verified_at": "2026-08-16",
  },
  {
    "announced": null,
    "api_ids": [
      "gemini-3.1-flash-image-preview",
    ],
    "dies": "2026-06-25",
    "dies_is_earliest_possible": false,
    "id": "google:model:gemini-3.1-flash-image-preview",
    "migration_url": null,
    "platform": "first-party",
    "provider": "google",
    "replacement_id": "gemini-3.1-flash-image",
    "replacement_notes": null,
    "source_url": "https://ai.google.dev/gemini-api/docs/deprecations",
    "status": "retired",
    "surface": "model",
    "verified_at": "2026-08-16",
  },
  {
    "announced": null,
    "api_ids": [
      "gemini-3.1-flash-lite",
    ],
    "dies": "2027-05-07",
    "dies_is_earliest_possible": true,
    "id": "google:model:gemini-3.1-flash-lite",
    "migration_url": null,
    "platform": "first-party",
    "provider": "google",
    "replacement_id": "gemini-3.5-flash-lite",
    "replacement_notes": null,
    "source_url": "https://ai.google.dev/gemini-api/docs/deprecations",
    "status": "deprecated",
    "surface": "model",
    "verified_at": "2026-08-16",
  },
  {
    "announced": null,
    "api_ids": [
      "gemini-3.1-flash-lite-preview",
    ],
    "dies": "2026-05-25",
    "dies_is_earliest_possible": false,
    "id": "google:model:gemini-3.1-flash-lite-preview",
    "migration_url": null,
    "platform": "first-party",
    "provider": "google",
    "replacement_id": "gemini-3.1-flash-lite",
    "replacement_notes": null,
    "source_url": "https://ai.google.dev/gemini-api/docs/deprecations",
    "status": "retired",
    "surface": "model",
    "verified_at": "2026-08-16",
  },
  {
    "announced": null,
    "api_ids": [
      "gemini-embedding-001",
    ],
    "dies": "2028-05-14",
    "dies_is_earliest_possible": true,
    "id": "google:model:gemini-embedding-001",
    "migration_url": null,
    "platform": "first-party",
    "provider": "google",
    "replacement_id": "gemini-embedding-2",
    "replacement_notes": null,
    "source_url": "https://ai.google.dev/gemini-api/docs/deprecations",
    "status": "deprecated",
    "surface": "model",
    "verified_at": "2026-08-16",
  },
  {
    "announced": null,
    "api_ids": [
      "gemini-embedding-exp",
    ],
    "dies": "2025-10-30",
    "dies_is_earliest_possible": false,
    "id": "google:model:gemini-embedding-exp",
    "migration_url": null,
    "platform": "first-party",
    "provider": "google",
    "replacement_id": "gemini-embedding-2",
    "replacement_notes": null,
    "source_url": "https://ai.google.dev/gemini-api/docs/deprecations",
    "status": "retired",
    "surface": "model",
    "verified_at": "2026-08-16",
  },
  {
    "announced": null,
    "api_ids": [
      "gemini-embedding-exp-03-07",
    ],
    "dies": "2025-10-30",
    "dies_is_earliest_possible": false,
    "id": "google:model:gemini-embedding-exp-03-07",
    "migration_url": null,
    "platform": "first-party",
    "provider": "google",
    "replacement_id": "gemini-embedding-2",
    "replacement_notes": null,
    "source_url": "https://ai.google.dev/gemini-api/docs/deprecations",
    "status": "retired",
    "surface": "model",
    "verified_at": "2026-08-16",
  },
  {
    "announced": null,
    "api_ids": [
      "gemini-live-2.5-flash-preview",
    ],
    "dies": "2025-12-09",
    "dies_is_earliest_possible": false,
    "id": "google:model:gemini-live-2.5-flash-preview",
    "migration_url": null,
    "platform": "first-party",
    "provider": "google",
    "replacement_id": "gemini-3.1-flash-live-preview",
    "replacement_notes": null,
    "source_url": "https://ai.google.dev/gemini-api/docs/deprecations",
    "status": "retired",
    "surface": "model",
    "verified_at": "2026-08-16",
  },
  {
    "announced": null,
    "api_ids": [
      "gemini-robotics-er-1.5-preview",
    ],
    "dies": "2026-04-30",
    "dies_is_earliest_possible": false,
    "id": "google:model:gemini-robotics-er-1.5-preview",
    "migration_url": null,
    "platform": "first-party",
    "provider": "google",
    "replacement_id": "gemini-robotics-er-1.6-preview",
    "replacement_notes": null,
    "source_url": "https://ai.google.dev/gemini-api/docs/deprecations",
    "status": "retired",
    "surface": "model",
    "verified_at": "2026-08-16",
  },
  {
    "announced": null,
    "api_ids": [
      "gemini-robotics-er-1.6-preview",
    ],
    "dies": "2026-08-31",
    "dies_is_earliest_possible": true,
    "id": "google:model:gemini-robotics-er-1.6-preview",
    "migration_url": null,
    "platform": "first-party",
    "provider": "google",
    "replacement_id": "gemini-robotics-er-2-preview",
    "replacement_notes": null,
    "source_url": "https://ai.google.dev/gemini-api/docs/deprecations",
    "status": "deprecated",
    "surface": "model",
    "verified_at": "2026-08-16",
  },
  {
    "announced": null,
    "api_ids": [
      "imagen-3.0-generate-002",
    ],
    "dies": "2025-11-10",
    "dies_is_earliest_possible": false,
    "id": "google:model:imagen-3.0-generate-002",
    "migration_url": null,
    "platform": "first-party",
    "provider": "google",
    "replacement_id": "imagen-4.0-generate-001",
    "replacement_notes": null,
    "source_url": "https://ai.google.dev/gemini-api/docs/deprecations",
    "status": "retired",
    "surface": "model",
    "verified_at": "2026-08-16",
  },
  {
    "announced": null,
    "api_ids": [
      "imagen-4.0-fast-generate-001",
    ],
    "dies": "2026-08-17",
    "dies_is_earliest_possible": true,
    "id": "google:model:imagen-4.0-fast-generate-001",
    "migration_url": null,
    "platform": "first-party",
    "provider": "google",
    "replacement_id": "gemini-3.1-flash-image",
    "replacement_notes": null,
    "source_url": "https://ai.google.dev/gemini-api/docs/deprecations",
    "status": "deprecated",
    "surface": "model",
    "verified_at": "2026-08-16",
  },
  {
    "announced": null,
    "api_ids": [
      "imagen-4.0-generate-001",
    ],
    "dies": "2026-08-17",
    "dies_is_earliest_possible": true,
    "id": "google:model:imagen-4.0-generate-001",
    "migration_url": null,
    "platform": "first-party",
    "provider": "google",
    "replacement_id": "gemini-3.1-flash-image",
    "replacement_notes": null,
    "source_url": "https://ai.google.dev/gemini-api/docs/deprecations",
    "status": "deprecated",
    "surface": "model",
    "verified_at": "2026-08-16",
  },
  {
    "announced": null,
    "api_ids": [
      "imagen-4.0-generate-preview-06-06",
    ],
    "dies": "2026-02-17",
    "dies_is_earliest_possible": false,
    "id": "google:model:imagen-4.0-generate-preview-06-06",
    "migration_url": null,
    "platform": "first-party",
    "provider": "google",
    "replacement_id": "imagen-4.0-generate-001",
    "replacement_notes": null,
    "source_url": "https://ai.google.dev/gemini-api/docs/deprecations",
    "status": "retired",
    "surface": "model",
    "verified_at": "2026-08-16",
  },
  {
    "announced": null,
    "api_ids": [
      "imagen-4.0-ultra-generate-001",
    ],
    "dies": "2026-08-17",
    "dies_is_earliest_possible": true,
    "id": "google:model:imagen-4.0-ultra-generate-001",
    "migration_url": null,
    "platform": "first-party",
    "provider": "google",
    "replacement_id": "gemini-3.1-flash-image",
    "replacement_notes": null,
    "source_url": "https://ai.google.dev/gemini-api/docs/deprecations",
    "status": "deprecated",
    "surface": "model",
    "verified_at": "2026-08-16",
  },
  {
    "announced": null,
    "api_ids": [
      "imagen-4.0-ultra-generate-preview-06-06",
    ],
    "dies": "2026-02-17",
    "dies_is_earliest_possible": false,
    "id": "google:model:imagen-4.0-ultra-generate-preview-06-06",
    "migration_url": null,
    "platform": "first-party",
    "provider": "google",
    "replacement_id": "imagen-4.0-ultra-generate-001",
    "replacement_notes": null,
    "source_url": "https://ai.google.dev/gemini-api/docs/deprecations",
    "status": "retired",
    "surface": "model",
    "verified_at": "2026-08-16",
  },
  {
    "announced": null,
    "api_ids": [
      "text-embedding-004",
    ],
    "dies": "2026-01-14",
    "dies_is_earliest_possible": false,
    "id": "google:model:text-embedding-004",
    "migration_url": null,
    "platform": "first-party",
    "provider": "google",
    "replacement_id": "gemini-embedding-2",
    "replacement_notes": null,
    "source_url": "https://ai.google.dev/gemini-api/docs/deprecations",
    "status": "retired",
    "surface": "model",
    "verified_at": "2026-08-16",
  },
  {
    "announced": null,
    "api_ids": [
      "veo-2.0-generate-001",
    ],
    "dies": "2026-06-30",
    "dies_is_earliest_possible": false,
    "id": "google:model:veo-2.0-generate-001",
    "migration_url": null,
    "platform": "first-party",
    "provider": "google",
    "replacement_id": null,
    "replacement_notes": "veo-3.1-generate-preview or Gemini Enterprise Agent Platform (https://docs.cloud.google.com/gemini-enterprise-agent-platform/models/veo/3-1-generate)",
    "source_url": "https://ai.google.dev/gemini-api/docs/deprecations",
    "status": "retired",
    "surface": "model",
    "verified_at": "2026-08-16",
  },
  {
    "announced": null,
    "api_ids": [
      "veo-3.0-fast-generate-001",
    ],
    "dies": "2026-06-30",
    "dies_is_earliest_possible": false,
    "id": "google:model:veo-3.0-fast-generate-001",
    "migration_url": null,
    "platform": "first-party",
    "provider": "google",
    "replacement_id": null,
    "replacement_notes": "veo-3.1-fast-generate-preview or Gemini Enterprise Agent Platform (https://docs.cloud.google.com/gemini-enterprise-agent-platform/models/veo/3-1-generate)",
    "source_url": "https://ai.google.dev/gemini-api/docs/deprecations",
    "status": "retired",
    "surface": "model",
    "verified_at": "2026-08-16",
  },
  {
    "announced": null,
    "api_ids": [
      "veo-3.0-fast-generate-preview",
    ],
    "dies": "2025-11-12",
    "dies_is_earliest_possible": false,
    "id": "google:model:veo-3.0-fast-generate-preview",
    "migration_url": null,
    "platform": "first-party",
    "provider": "google",
    "replacement_id": "veo-3.1-fast-generate-preview",
    "replacement_notes": null,
    "source_url": "https://ai.google.dev/gemini-api/docs/deprecations",
    "status": "retired",
    "surface": "model",
    "verified_at": "2026-08-16",
  },
  {
    "announced": null,
    "api_ids": [
      "veo-3.0-generate-001",
    ],
    "dies": "2026-06-30",
    "dies_is_earliest_possible": false,
    "id": "google:model:veo-3.0-generate-001",
    "migration_url": null,
    "platform": "first-party",
    "provider": "google",
    "replacement_id": null,
    "replacement_notes": "veo-3.1-generate-preview or Gemini Enterprise Agent Platform (https://docs.cloud.google.com/gemini-enterprise-agent-platform/models/veo/3-1-generate)",
    "source_url": "https://ai.google.dev/gemini-api/docs/deprecations",
    "status": "retired",
    "surface": "model",
    "verified_at": "2026-08-16",
  },
  {
    "announced": null,
    "api_ids": [
      "veo-3.0-generate-preview",
    ],
    "dies": "2025-11-12",
    "dies_is_earliest_possible": false,
    "id": "google:model:veo-3.0-generate-preview",
    "migration_url": null,
    "platform": "first-party",
    "provider": "google",
    "replacement_id": "veo-3.1-generate-preview",
    "replacement_notes": null,
    "source_url": "https://ai.google.dev/gemini-api/docs/deprecations",
    "status": "retired",
    "surface": "model",
    "verified_at": "2026-08-16",
  },
]
`;
