// Vitest Snapshot v1, https://vitest.dev/guide/snapshot.html

exports[`parseOpenAI > matches the full-parse snapshot (page-shape drift tripwire) > row count 1`] = `136`;

exports[`parseOpenAI > matches the full-parse snapshot (page-shape drift tripwire) 1`] = `
[
  {
    "announced": "2025-08-20",
    "api_ids": [
      "client.beta.assistants",
      "client.beta.threads",
      "openai.beta.assistants",
      "openai.beta.threads",
      "/v1/assistants",
      "/v1/threads",
      "OpenAI-Beta: assistants",
    ],
    "dies": "2026-08-26",
    "dies_is_earliest_possible": false,
    "id": "openai:endpoint:assistants-api",
    "migration_url": "https://developers.openai.com/api/docs/assistants/migration",
    "platform": "first-party",
    "provider": "openai",
    "replacement_id": null,
    "replacement_notes": "Responses API + Conversations API",
    "source_url": "https://developers.openai.com/api/docs/deprecations",
    "status": "deprecated",
    "surface": "endpoint",
    "verified_at": "2026-08-16",
  },
  {
    "announced": "2022-06-03",
    "api_ids": [
      "/v1/answers",
    ],
    "dies": "2022-12-03",
    "dies_is_earliest_possible": false,
    "id": "openai:endpoint:v1-answers",
    "migration_url": "https://help.openai.com/en/articles/6233728-answers-transition-guide",
    "platform": "first-party",
    "provider": "openai",
    "replacement_id": null,
    "replacement_notes": "View transition guide",
    "source_url": "https://developers.openai.com/api/docs/deprecations",
    "status": "retired",
    "surface": "endpoint",
    "verified_at": "2026-08-16",
  },
  {
    "announced": "2022-06-03",
    "api_ids": [
      "/v1/classifications",
    ],
    "dies": "2022-12-03",
    "dies_is_earliest_possible": false,
    "id": "openai:endpoint:v1-classifications",
    "migration_url": "https://help.openai.com/en/articles/6272941-classifications-transition-guide",
    "platform": "first-party",
    "provider": "openai",
    "replacement_id": null,
    "replacement_notes": "View transition guide",
    "source_url": "https://developers.openai.com/api/docs/deprecations",
    "status": "retired",
    "surface": "endpoint",
    "verified_at": "2026-08-16",
  },
  {
    "announced": "2023-07-06",
    "api_ids": [
      "/v1/edits",
    ],
    "dies": "2024-01-04",
    "dies_is_earliest_possible": false,
    "id": "openai:endpoint:v1-edits",
    "migration_url": null,
    "platform": "first-party",
    "provider": "openai",
    "replacement_id": "/v1/chat/completions",
    "replacement_notes": null,
    "source_url": "https://developers.openai.com/api/docs/deprecations",
    "status": "retired",
    "surface": "endpoint",
    "verified_at": "2026-08-16",
  },
  {
    "announced": "2022-06-03",
    "api_ids": [
      "/v1/engines",
    ],
    "dies": "2022-12-03",
    "dies_is_earliest_possible": false,
    "id": "openai:endpoint:v1-engines",
    "migration_url": "https://platform.openai.com/docs/api-reference/models/list",
    "platform": "first-party",
    "provider": "openai",
    "replacement_id": "/v1/models",
    "replacement_notes": null,
    "source_url": "https://developers.openai.com/api/docs/deprecations",
    "status": "retired",
    "surface": "endpoint",
    "verified_at": "2026-08-16",
  },
  {
    "announced": "2023-08-22",
    "api_ids": [
      "/v1/fine-tunes",
    ],
    "dies": "2024-01-04",
    "dies_is_earliest_possible": false,
    "id": "openai:endpoint:v1-fine-tunes",
    "migration_url": null,
    "platform": "first-party",
    "provider": "openai",
    "replacement_id": "/v1/fine_tuning/jobs",
    "replacement_notes": null,
    "source_url": "https://developers.openai.com/api/docs/deprecations",
    "status": "retired",
    "surface": "endpoint",
    "verified_at": "2026-08-16",
  },
  {
    "announced": "2026-06-03",
    "api_ids": [
      "/v1/prompts",
    ],
    "dies": "2026-11-30",
    "dies_is_earliest_possible": false,
    "id": "openai:endpoint:v1-prompts",
    "migration_url": "https://developers.openai.com/api/docs/guides/prompting/migrate-from-prompt-object",
    "platform": "first-party",
    "provider": "openai",
    "replacement_id": null,
    "replacement_notes": null,
    "source_url": "https://developers.openai.com/api/docs/deprecations",
    "status": "deprecated",
    "surface": "endpoint",
    "verified_at": "2026-08-16",
  },
  {
    "announced": "2022-06-03",
    "api_ids": [
      "/v1/search",
    ],
    "dies": "2022-12-03",
    "dies_is_earliest_possible": false,
    "id": "openai:endpoint:v1-search",
    "migration_url": "https://help.openai.com/en/articles/6272952-search-transition-guide",
    "platform": "first-party",
    "provider": "openai",
    "replacement_id": null,
    "replacement_notes": "View transition guide",
    "source_url": "https://developers.openai.com/api/docs/deprecations",
    "status": "retired",
    "surface": "endpoint",
    "verified_at": "2026-08-16",
  },
  {
    "announced": "2026-03-24",
    "api_ids": [
      "/v1/videos",
    ],
    "dies": "2026-09-24",
    "dies_is_earliest_possible": false,
    "id": "openai:endpoint:videos-api",
    "migration_url": null,
    "platform": "first-party",
    "provider": "openai",
    "replacement_id": null,
    "replacement_notes": null,
    "source_url": "https://developers.openai.com/api/docs/deprecations",
    "status": "deprecated",
    "surface": "endpoint",
    "verified_at": "2026-08-16",
  },
  {
    "announced": "2026-06-03",
    "api_ids": [
      "agent-builder",
    ],
    "dies": "2026-11-30",
    "dies_is_earliest_possible": false,
    "id": "openai:feature:agent-builder",
    "migration_url": "https://developers.openai.com/api/docs/guides/agent-builder/migrate-from-agent-builder",
    "platform": "first-party",
    "provider": "openai",
    "replacement_id": null,
    "replacement_notes": null,
    "source_url": "https://developers.openai.com/api/docs/deprecations",
    "status": "deprecated",
    "surface": "feature",
    "verified_at": "2026-08-16",
  },
  {
    "announced": "2026-06-03",
    "api_ids": [
      "/v1/evals",
    ],
    "dies": "2026-11-30",
    "dies_is_earliest_possible": false,
    "id": "openai:feature:evals",
    "migration_url": "https://developers.openai.com/cookbook/examples/evaluation/moving-from-openai-evals-to-promptfoo",
    "platform": "first-party",
    "provider": "openai",
    "replacement_id": null,
    "replacement_notes": null,
    "source_url": "https://developers.openai.com/api/docs/deprecations",
    "status": "deprecated",
    "surface": "feature",
    "verified_at": "2026-08-16",
  },
  {
    "announced": "2026-05-07",
    "api_ids": [
      "/v1/fine_tuning/jobs",
    ],
    "dies": "2027-01-06",
    "dies_is_earliest_possible": false,
    "id": "openai:feature:fine-tuning",
    "migration_url": null,
    "platform": "first-party",
    "provider": "openai",
    "replacement_id": null,
    "replacement_notes": null,
    "source_url": "https://developers.openai.com/api/docs/deprecations",
    "status": "deprecated",
    "surface": "feature",
    "verified_at": "2026-08-16",
  },
  {
    "announced": "2024-08-29",
    "api_ids": [
      "babbage-002",
    ],
    "dies": "2024-10-28",
    "dies_is_earliest_possible": false,
    "id": "openai:feature:fine-tuning-training-babbage-002",
    "migration_url": null,
    "platform": "first-party",
    "provider": "openai",
    "replacement_id": "gpt-4o-mini",
    "replacement_notes": null,
    "source_url": "https://developers.openai.com/api/docs/deprecations",
    "status": "retired",
    "surface": "feature",
    "verified_at": "2026-08-16",
  },
  {
    "announced": "2024-08-29",
    "api_ids": [
      "davinci-002",
    ],
    "dies": "2024-10-28",
    "dies_is_earliest_possible": false,
    "id": "openai:feature:fine-tuning-training-davinci-002",
    "migration_url": null,
    "platform": "first-party",
    "provider": "openai",
    "replacement_id": "gpt-4o-mini",
    "replacement_notes": null,
    "source_url": "https://developers.openai.com/api/docs/deprecations",
    "status": "retired",
    "surface": "feature",
    "verified_at": "2026-08-16",
  },
  {
    "announced": "2024-10-02",
    "api_ids": [
      "OpenAI-Beta: assistants=v1",
    ],
    "dies": "2024-12-18",
    "dies_is_earliest_possible": false,
    "id": "openai:header:openai-beta-assistants-v1",
    "migration_url": "https://developers.openai.com/api/docs/assistants/migration",
    "platform": "first-party",
    "provider": "openai",
    "replacement_id": null,
    "replacement_notes": "OpenAI-Beta: assistants=v2",
    "source_url": "https://developers.openai.com/api/docs/deprecations",
    "status": "retired",
    "surface": "header",
    "verified_at": "2026-08-16",
  },
  {
    "announced": "2025-09-15",
    "api_ids": [
      "OpenAI-Beta: realtime=v1",
    ],
    "dies": "2026-05-12",
    "dies_is_earliest_possible": false,
    "id": "openai:header:openai-beta-realtime-v1",
    "migration_url": "https://developers.openai.com/api/docs/guides/realtime#beta-to-ga-migration",
    "platform": "first-party",
    "provider": "openai",
    "replacement_id": null,
    "replacement_notes": "Realtime API",
    "source_url": "https://developers.openai.com/api/docs/deprecations",
    "status": "retired",
    "surface": "header",
    "verified_at": "2026-08-16",
  },
  {
    "announced": "2023-07-06",
    "api_ids": [
      "ada",
    ],
    "dies": "2024-01-04",
    "dies_is_earliest_possible": false,
    "id": "openai:model:ada",
    "migration_url": null,
    "platform": "first-party",
    "provider": "openai",
    "replacement_id": "babbage-002",
    "replacement_notes": null,
    "source_url": "https://developers.openai.com/api/docs/deprecations",
    "status": "retired",
    "surface": "model",
    "verified_at": "2026-08-16",
  },
  {
    "announced": "2023-07-06",
    "api_ids": [
      "babbage",
    ],
    "dies": "2024-01-04",
    "dies_is_earliest_possible": false,
    "id": "openai:model:babbage",
    "migration_url": null,
    "platform": "first-party",
    "provider": "openai",
    "replacement_id": "babbage-002",
    "replacement_notes": null,
    "source_url": "https://developers.openai.com/api/docs/deprecations",
    "status": "retired",
    "surface": "model",
    "verified_at": "2026-08-16",
  },
  {
    "announced": "2025-09-26",
    "api_ids": [
      "babbage-002",
    ],
    "dies": "2026-09-28",
    "dies_is_earliest_possible": false,
    "id": "openai:model:babbage-002",
    "migration_url": null,
    "platform": "first-party",
    "provider": "openai",
    "replacement_id": "gpt-5.6-terra",
    "replacement_notes": null,
    "source_url": "https://developers.openai.com/api/docs/deprecations",
    "status": "deprecated",
    "surface": "model",
    "verified_at": "2026-08-16",
  },
  {
    "announced": "2025-11-18",
    "api_ids": [
      "chatgpt-4o-latest",
    ],
    "dies": "2026-02-17",
    "dies_is_earliest_possible": false,
    "id": "openai:model:chatgpt-4o-latest",
    "migration_url": null,
    "platform": "first-party",
    "provider": "openai",
    "replacement_id": "gpt-5.1-chat-latest",
    "replacement_notes": null,
    "source_url": "https://developers.openai.com/api/docs/deprecations",
    "status": "retired",
    "surface": "model",
    "verified_at": "2026-08-16",
  },
  {
    "announced": "2026-06-02",
    "api_ids": [
      "chatgpt-image-latest",
    ],
    "dies": "2026-12-01",
    "dies_is_earliest_possible": false,
    "id": "openai:model:chatgpt-image-latest",
    "migration_url": null,
    "platform": "first-party",
    "provider": "openai",
    "replacement_id": "gpt-image-2",
    "replacement_notes": null,
    "source_url": "https://developers.openai.com/api/docs/deprecations",
    "status": "deprecated",
    "surface": "model",
    "verified_at": "2026-08-16",
  },
  {
    "announced": "2023-03-20",
    "api_ids": [
      "code-cushman-001",
    ],
    "dies": "2023-03-23",
    "dies_is_earliest_possible": false,
    "id": "openai:model:code-cushman-001",
    "migration_url": null,
    "platform": "first-party",
    "provider": "openai",
    "replacement_id": "gpt-4o",
    "replacement_notes": null,
    "source_url": "https://developers.openai.com/api/docs/deprecations",
    "status": "retired",
    "surface": "model",
    "verified_at": "2026-08-16",
  },
  {
    "announced": "2023-03-20",
    "api_ids": [
      "code-cushman-002",
    ],
    "dies": "2023-03-23",
    "dies_is_earliest_possible": false,
    "id": "openai:model:code-cushman-002",
    "migration_url": null,
    "platform": "first-party",
    "provider": "openai",
    "replacement_id": "gpt-4o",
    "replacement_notes": null,
    "source_url": "https://developers.openai.com/api/docs/deprecations",
    "status": "retired",
    "surface": "model",
    "verified_at": "2026-08-16",
  },
  {
    "announced": "2023-03-20",
    "api_ids": [
      "code-davinci-001",
    ],
    "dies": "2023-03-23",
    "dies_is_earliest_possible": false,
    "id": "openai:model:code-davinci-001",
    "migration_url": null,
    "platform": "first-party",
    "provider": "openai",
    "replacement_id": "gpt-4o",
    "replacement_notes": null,
    "source_url": "https://developers.openai.com/api/docs/deprecations",
    "status": "retired",
    "surface": "model",
    "verified_at": "2026-08-16",
  },
  {
    "announced": "2023-03-20",
    "api_ids": [
      "code-davinci-002",
    ],
    "dies": "2023-03-23",
    "dies_is_earliest_possible": false,
    "id": "openai:model:code-davinci-002",
    "migration_url": null,
    "platform": "first-party",
    "provider": "openai",
    "replacement_id": "gpt-4o",
    "replacement_notes": null,
    "source_url": "https://developers.openai.com/api/docs/deprecations",
    "status": "retired",
    "surface": "model",
    "verified_at": "2026-08-16",
  },
  {
    "announced": "2023-07-06",
    "api_ids": [
      "code-davinci-edit-001",
    ],
    "dies": "2024-01-04",
    "dies_is_earliest_possible": false,
    "id": "openai:model:code-davinci-edit-001",
    "migration_url": null,
    "platform": "first-party",
    "provider": "openai",
    "replacement_id": "gpt-4o",
    "replacement_notes": null,
    "source_url": "https://developers.openai.com/api/docs/deprecations",
    "status": "retired",
    "surface": "model",
    "verified_at": "2026-08-16",
  },
  {
    "announced": "2023-07-06",
    "api_ids": [
      "code-search-ada-code-001",
    ],
    "dies": "2024-01-04",
    "dies_is_earliest_possible": false,
    "id": "openai:model:code-search-ada-code-001",
    "migration_url": null,
    "platform": "first-party",
    "provider": "openai",
    "replacement_id": "text-embedding-3-small",
    "replacement_notes": null,
    "source_url": "https://developers.openai.com/api/docs/deprecations",
    "status": "retired",
    "surface": "model",
    "verified_at": "2026-08-16",
  },
  {
    "announced": "2023-07-06",
    "api_ids": [
      "code-search-ada-text-001",
    ],
    "dies": "2024-01-04",
    "dies_is_earliest_possible": false,
    "id": "openai:model:code-search-ada-text-001",
    "migration_url": null,
    "platform": "first-party",
    "provider": "openai",
    "replacement_id": "text-embedding-3-small",
    "replacement_notes": null,
    "source_url": "https://developers.openai.com/api/docs/deprecations",
    "status": "retired",
    "surface": "model",
    "verified_at": "2026-08-16",
  },
  {
    "announced": "2023-07-06",
    "api_ids": [
      "code-search-babbage-code-001",
    ],
    "dies": "2024-01-04",
    "dies_is_earliest_possible": false,
    "id": "openai:model:code-search-babbage-code-001",
    "migration_url": null,
    "platform": "first-party",
    "provider": "openai",
    "replacement_id": "text-embedding-3-small",
    "replacement_notes": null,
    "source_url": "https://developers.openai.com/api/docs/deprecations",
    "status": "retired",
    "surface": "model",
    "verified_at": "2026-08-16",
  },
  {
    "announced": "2023-07-06",
    "api_ids": [
      "code-search-babbage-text-001",
    ],
    "dies": "2024-01-04",
    "dies_is_earliest_possible": false,
    "id": "openai:model:code-search-babbage-text-001",
    "migration_url": null,
    "platform": "first-party",
    "provider": "openai",
    "replacement_id": "text-embedding-3-small",
    "replacement_notes": null,
    "source_url": "https://developers.openai.com/api/docs/deprecations",
    "status": "retired",
    "surface": "model",
    "verified_at": "2026-08-16",
  },
  {
    "announced": "2025-11-17",
    "api_ids": [
      "codex-mini-latest",
    ],
    "dies": "2026-02-12",
    "dies_is_earliest_possible": false,
    "id": "openai:model:codex-mini-latest",
    "migration_url": null,
    "platform": "first-party",
    "provider": "openai",
    "replacement_id": "gpt-5-codex-mini",
    "replacement_notes": null,
    "source_url": "https://developers.openai.com/api/docs/deprecations",
    "status": "retired",
    "surface": "model",
    "verified_at": "2026-08-16",
  },
  {
    "announced": "2026-04-22",
    "api_ids": [
      "computer-use-preview-2025-03-11",
      "computer-use-preview",
    ],
    "dies": "2026-07-23",
    "dies_is_earliest_possible": false,
    "id": "openai:model:computer-use-preview-2025-03-11",
    "migration_url": null,
    "platform": "first-party",
    "provider": "openai",
    "replacement_id": "gpt-5.6-terra",
    "replacement_notes": null,
    "source_url": "https://developers.openai.com/api/docs/deprecations",
    "status": "retired",
    "surface": "model",
    "verified_at": "2026-08-16",
  },
  {
    "announced": "2023-07-06",
    "api_ids": [
      "curie",
    ],
    "dies": "2024-01-04",
    "dies_is_earliest_possible": false,
    "id": "openai:model:curie",
    "migration_url": null,
    "platform": "first-party",
    "provider": "openai",
    "replacement_id": "davinci-002",
    "replacement_notes": null,
    "source_url": "https://developers.openai.com/api/docs/deprecations",
    "status": "retired",
    "surface": "model",
    "verified_at": "2026-08-16",
  },
  {
    "announced": "2025-11-14",
    "api_ids": [
      "dall-e-2",
    ],
    "dies": "2026-05-12",
    "dies_is_earliest_possible": false,
    "id": "openai:model:dall-e-2",
    "migration_url": null,
    "platform": "first-party",
    "provider": "openai",
    "replacement_id": null,
    "replacement_notes": "gpt-image-2, gpt-image-1, or gpt-image-1-mini",
    "source_url": "https://developers.openai.com/api/docs/deprecations",
    "status": "retired",
    "surface": "model",
    "verified_at": "2026-08-16",
  },
  {
    "announced": "2025-11-14",
    "api_ids": [
      "dall-e-3",
    ],
    "dies": "2026-05-12",
    "dies_is_earliest_possible": false,
    "id": "openai:model:dall-e-3",
    "migration_url": null,
    "platform": "first-party",
    "provider": "openai",
    "replacement_id": null,
    "replacement_notes": "gpt-image-2, gpt-image-1, or gpt-image-1-mini",
    "source_url": "https://developers.openai.com/api/docs/deprecations",
    "status": "retired",
    "surface": "model",
    "verified_at": "2026-08-16",
  },
  {
    "announced": "2023-07-06",
    "api_ids": [
      "davinci",
    ],
    "dies": "2024-01-04",
    "dies_is_earliest_possible": false,
    "id": "openai:model:davinci",
    "migration_url": null,
    "platform": "first-party",
    "provider": "openai",
    "replacement_id": "davinci-002",
    "replacement_notes": null,
    "source_url": "https://developers.openai.com/api/docs/deprecations",
    "status": "retired",
    "surface": "model",
    "verified_at": "2026-08-16",
  },
  {
    "announced": "2025-09-26",
    "api_ids": [
      "davinci-002",
    ],
    "dies": "2026-09-28",
    "dies_is_earliest_possible": false,
    "id": "openai:model:davinci-002",
    "migration_url": null,
    "platform": "first-party",
    "provider": "openai",
    "replacement_id": "gpt-5.6-terra",
    "replacement_notes": null,
    "source_url": "https://developers.openai.com/api/docs/deprecations",
    "status": "deprecated",
    "surface": "model",
    "verified_at": "2026-08-16",
  },
  {
    "announced": "2026-04-22",
    "api_ids": [
      "ft-babbage-002",
    ],
    "dies": "2026-10-23",
    "dies_is_earliest_possible": false,
    "id": "openai:model:ft-babbage-002",
    "migration_url": null,
    "platform": "first-party",
    "provider": "openai",
    "replacement_id": "gpt-5.6-terra",
    "replacement_notes": null,
    "source_url": "https://developers.openai.com/api/docs/deprecations",
    "status": "deprecated",
    "surface": "model",
    "verified_at": "2026-08-16",
  },
  {
    "announced": "2026-04-22",
    "api_ids": [
      "ft-davinci-002",
    ],
    "dies": "2026-10-23",
    "dies_is_earliest_possible": false,
    "id": "openai:model:ft-davinci-002",
    "migration_url": null,
    "platform": "first-party",
    "provider": "openai",
    "replacement_id": "gpt-5.6-terra",
    "replacement_notes": null,
    "source_url": "https://developers.openai.com/api/docs/deprecations",
    "status": "deprecated",
    "surface": "model",
    "verified_at": "2026-08-16",
  },
  {
    "announced": "2026-04-22",
    "api_ids": [
      "ft-gpt-3.5-turbo",
    ],
    "dies": "2026-10-23",
    "dies_is_earliest_possible": false,
    "id": "openai:model:ft-gpt-3.5-turbo",
    "migration_url": null,
    "platform": "first-party",
    "provider": "openai",
    "replacement_id": "gpt-5.6-terra",
    "replacement_notes": null,
    "source_url": "https://developers.openai.com/api/docs/deprecations",
    "status": "deprecated",
    "surface": "model",
    "verified_at": "2026-08-16",
  },
  {
    "announced": "2026-04-22",
    "api_ids": [
      "ft-gpt-4",
    ],
    "dies": "2026-10-23",
    "dies_is_earliest_possible": false,
    "id": "openai:model:ft-gpt-4",
    "migration_url": null,
    "platform": "first-party",
    "provider": "openai",
    "replacement_id": "gpt-5.6-sol",
    "replacement_notes": null,
    "source_url": "https://developers.openai.com/api/docs/deprecations",
    "status": "deprecated",
    "surface": "model",
    "verified_at": "2026-08-16",
  },
  {
    "announced": "2026-04-22",
    "api_ids": [
      "ft-gpt-4.1-nano-2025-04-14",
    ],
    "dies": "2026-10-23",
    "dies_is_earliest_possible": false,
    "id": "openai:model:ft-gpt-4.1-nano-2025-04-14",
    "migration_url": null,
    "platform": "first-party",
    "provider": "openai",
    "replacement_id": "gpt-5.6-luna",
    "replacement_notes": null,
    "source_url": "https://developers.openai.com/api/docs/deprecations",
    "status": "deprecated",
    "surface": "model",
    "verified_at": "2026-08-16",
  },
  {
    "announced": "2026-04-22",
    "api_ids": [
      "ft-o4-mini-2025-04-16",
    ],
    "dies": "2026-10-23",
    "dies_is_earliest_possible": false,
    "id": "openai:model:ft-o4-mini-2025-04-16",
    "migration_url": null,
    "platform": "first-party",
    "provider": "openai",
    "replacement_id": "gpt-5.6-terra",
    "replacement_notes": null,
    "source_url": "https://developers.openai.com/api/docs/deprecations",
    "status": "deprecated",
    "surface": "model",
    "verified_at": "2026-08-16",
  },
  {
    "announced": "2026-04-22",
    "api_ids": [
      "gpt-3.5-turbo-0125",
      "gpt-3.5-turbo",
      "gpt-3.5-turbo-completions",
    ],
    "dies": "2026-10-23",
    "dies_is_earliest_possible": false,
    "id": "openai:model:gpt-3.5-turbo-0125",
    "migration_url": null,
    "platform": "first-party",
    "provider": "openai",
    "replacement_id": "gpt-5.6-terra",
    "replacement_notes": null,
    "source_url": "https://developers.openai.com/api/docs/deprecations",
    "status": "deprecated",
    "surface": "model",
    "verified_at": "2026-08-16",
  },
  {
    "announced": "2023-06-13",
    "api_ids": [
      "gpt-3.5-turbo-0301",
    ],
    "dies": "2024-09-13",
    "dies_is_earliest_possible": false,
    "id": "openai:model:gpt-3.5-turbo-0301",
    "migration_url": null,
    "platform": "first-party",
    "provider": "openai",
    "replacement_id": "gpt-3.5-turbo",
    "replacement_notes": null,
    "source_url": "https://developers.openai.com/api/docs/deprecations",
    "status": "retired",
    "surface": "model",
    "verified_at": "2026-08-16",
  },
  {
    "announced": "2023-11-06",
    "api_ids": [
      "gpt-3.5-turbo-0613",
    ],
    "dies": "2024-09-13",
    "dies_is_earliest_possible": false,
    "id": "openai:model:gpt-3.5-turbo-0613",
    "migration_url": null,
    "platform": "first-party",
    "provider": "openai",
    "replacement_id": "gpt-3.5-turbo",
    "replacement_notes": null,
    "source_url": "https://developers.openai.com/api/docs/deprecations",
    "status": "retired",
    "surface": "model",
    "verified_at": "2026-08-16",
  },
  {
    "announced": "2025-09-26",
    "api_ids": [
      "gpt-3.5-turbo-1106",
    ],
    "dies": "2026-09-28",
    "dies_is_earliest_possible": false,
    "id": "openai:model:gpt-3.5-turbo-1106",
    "migration_url": null,
    "platform": "first-party",
    "provider": "openai",
    "replacement_id": "gpt-5.6-terra",
    "replacement_notes": null,
    "source_url": "https://developers.openai.com/api/docs/deprecations",
    "status": "deprecated",
    "surface": "model",
    "verified_at": "2026-08-16",
  },
  {
    "announced": "2023-11-06",
    "api_ids": [
      "gpt-3.5-turbo-16k-0613",
    ],
    "dies": "2024-09-13",
    "dies_is_earliest_possible": false,
    "id": "openai:model:gpt-3.5-turbo-16k-0613",
    "migration_url": null,
    "platform": "first-party",
    "provider": "openai",
    "replacement_id": "gpt-3.5-turbo",
    "replacement_notes": null,
    "source_url": "https://developers.openai.com/api/docs/deprecations",
    "status": "retired",
    "surface": "model",
    "verified_at": "2026-08-16",
  },
  {
    "announced": "2025-09-26",
    "api_ids": [
      "gpt-3.5-turbo-instruct",
    ],
    "dies": "2026-09-28",
    "dies_is_earliest_possible": false,
    "id": "openai:model:gpt-3.5-turbo-instruct",
    "migration_url": null,
    "platform": "first-party",
    "provider": "openai",
    "replacement_id": "gpt-5.6-terra",
    "replacement_notes": null,
    "source_url": "https://developers.openai.com/api/docs/deprecations",
    "status": "deprecated",
    "surface": "model",
    "verified_at": "2026-08-16",
  },
  {
    "announced": "2025-09-26",
    "api_ids": [
      "gpt-4-0125-preview",
      "gpt-4-turbo-preview",
      "gpt-4-turbo-preview-completions",
    ],
    "dies": "2026-03-26",
    "dies_is_earliest_possible": false,
    "id": "openai:model:gpt-4-0125-preview",
    "migration_url": null,
    "platform": "first-party",
    "provider": "openai",
    "replacement_id": null,
    "replacement_notes": "gpt-5 or gpt-4.1*",
    "source_url": "https://developers.openai.com/api/docs/deprecations",
    "status": "retired",
    "surface": "model",
    "verified_at": "2026-08-16",
  },
  {
    "announced": "2025-09-26",
    "api_ids": [
      "gpt-4-0314",
    ],
    "dies": "2026-03-26",
    "dies_is_earliest_possible": false,
    "id": "openai:model:gpt-4-0314",
    "migration_url": null,
    "platform": "first-party",
    "provider": "openai",
    "replacement_id": null,
    "replacement_notes": "gpt-5 or gpt-4.1*",
    "source_url": "https://developers.openai.com/api/docs/deprecations",
    "status": "retired",
    "surface": "model",
    "verified_at": "2026-08-16",
  },
  {
    "announced": "2026-04-22",
    "api_ids": [
      "gpt-4-0613",
      "gpt-4",
      "gpt-4-0613-completions",
      "gpt-4-completions",
    ],
    "dies": "2026-10-23",
    "dies_is_earliest_possible": false,
    "id": "openai:model:gpt-4-0613",
    "migration_url": null,
    "platform": "first-party",
    "provider": "openai",
    "replacement_id": "gpt-5.6-sol",
    "replacement_notes": null,
    "source_url": "https://developers.openai.com/api/docs/deprecations",
    "status": "deprecated",
    "surface": "model",
    "verified_at": "2026-08-16",
  },
  {
    "announced": "2025-09-26",
    "api_ids": [
      "gpt-4-1106-preview",
    ],
    "dies": "2026-03-26",
    "dies_is_earliest_possible": false,
    "id": "openai:model:gpt-4-1106-preview",
    "migration_url": null,
    "platform": "first-party",
    "provider": "openai",
    "replacement_id": null,
    "replacement_notes": "gpt-5 or gpt-4.1*",
    "source_url": "https://developers.openai.com/api/docs/deprecations",
    "status": "retired",
    "surface": "model",
    "verified_at": "2026-08-16",
  },
  {
    "announced": "2024-06-06",
    "api_ids": [
      "gpt-4-1106-vision-preview",
    ],
    "dies": "2024-12-06",
    "dies_is_earliest_possible": false,
    "id": "openai:model:gpt-4-1106-vision-preview",
    "migration_url": null,
    "platform": "first-party",
    "provider": "openai",
    "replacement_id": "gpt-4o",
    "replacement_notes": null,
    "source_url": "https://developers.openai.com/api/docs/deprecations",
    "status": "retired",
    "surface": "model",
    "verified_at": "2026-08-16",
  },
  {
    "announced": "2024-06-06",
    "api_ids": [
      "gpt-4-32k",
    ],
    "dies": "2025-06-06",
    "dies_is_earliest_possible": false,
    "id": "openai:model:gpt-4-32k",
    "migration_url": null,
    "platform": "first-party",
    "provider": "openai",
    "replacement_id": "gpt-4o",
    "replacement_notes": null,
    "source_url": "https://developers.openai.com/api/docs/deprecations",
    "status": "retired",
    "surface": "model",
    "verified_at": "2026-08-16",
  },
  {
    "announced": "2024-06-06",
    "api_ids": [
      "gpt-4-32k-0314",
    ],
    "dies": "2025-06-06",
    "dies_is_earliest_possible": false,
    "id": "openai:model:gpt-4-32k-0314",
    "migration_url": null,
    "platform": "first-party",
    "provider": "openai",
    "replacement_id": "gpt-4o",
    "replacement_notes": null,
    "source_url": "https://developers.openai.com/api/docs/deprecations",
    "status": "retired",
    "surface": "model",
    "verified_at": "2026-08-16",
  },
  {
    "announced": "2024-06-06",
    "api_ids": [
      "gpt-4-32k-0613",
    ],
    "dies": "2025-06-06",
    "dies_is_earliest_possible": false,
    "id": "openai:model:gpt-4-32k-0613",
    "migration_url": null,
    "platform": "first-party",
    "provider": "openai",
    "replacement_id": "gpt-4o",
    "replacement_notes": null,
    "source_url": "https://developers.openai.com/api/docs/deprecations",
    "status": "retired",
    "surface": "model",
    "verified_at": "2026-08-16",
  },
  {
    "announced": "2026-04-22",
    "api_ids": [
      "gpt-4-turbo",
      "gpt-4-turbo-2024-04-09",
      "gpt-4-turbo-completions",
    ],
    "dies": "2026-10-23",
    "dies_is_earliest_possible": false,
    "id": "openai:model:gpt-4-turbo",
    "migration_url": null,
    "platform": "first-party",
    "provider": "openai",
    "replacement_id": "gpt-5.6-sol",
    "replacement_notes": null,
    "source_url": "https://developers.openai.com/api/docs/deprecations",
    "status": "deprecated",
    "surface": "model",
    "verified_at": "2026-08-16",
  },
  {
    "announced": "2024-06-06",
    "api_ids": [
      "gpt-4-vision-preview",
    ],
    "dies": "2024-12-06",
    "dies_is_earliest_possible": false,
    "id": "openai:model:gpt-4-vision-preview",
    "migration_url": null,
    "platform": "first-party",
    "provider": "openai",
    "replacement_id": "gpt-4o",
    "replacement_notes": null,
    "source_url": "https://developers.openai.com/api/docs/deprecations",
    "status": "retired",
    "surface": "model",
    "verified_at": "2026-08-16",
  },
  {
    "announced": "2026-04-22",
    "api_ids": [
      "gpt-4.1-nano",
      "gpt-4.1-nano-2025-04-14",
    ],
    "dies": "2026-10-23",
    "dies_is_earliest_possible": false,
    "id": "openai:model:gpt-4.1-nano",
    "migration_url": null,
    "platform": "first-party",
    "provider": "openai",
    "replacement_id": "gpt-5.6-luna",
    "replacement_notes": null,
    "source_url": "https://developers.openai.com/api/docs/deprecations",
    "status": "deprecated",
    "surface": "model",
    "verified_at": "2026-08-16",
  },
  {
    "announced": "2025-04-14",
    "api_ids": [
      "gpt-4.5-preview",
    ],
    "dies": "2025-07-14",
    "dies_is_earliest_possible": false,
    "id": "openai:model:gpt-4.5-preview",
    "migration_url": null,
    "platform": "first-party",
    "provider": "openai",
    "replacement_id": "gpt-4.1",
    "replacement_notes": null,
    "source_url": "https://developers.openai.com/api/docs/deprecations",
    "status": "retired",
    "surface": "model",
    "verified_at": "2026-08-16",
  },
  {
    "announced": "2026-04-22",
    "api_ids": [
      "gpt-4o-2024-05-13",
    ],
    "dies": "2026-10-23",
    "dies_is_earliest_possible": false,
    "id": "openai:model:gpt-4o-2024-05-13",
    "migration_url": null,
    "platform": "first-party",
    "provider": "openai",
    "replacement_id": "gpt-5.6-sol",
    "replacement_notes": null,
    "source_url": "https://developers.openai.com/api/docs/deprecations",
    "status": "deprecated",
    "surface": "model",
    "verified_at": "2026-08-16",
  },
  {
    "announced": "2026-07-20",
    "api_ids": [
      "gpt-4o-audio",
    ],
    "dies": "2027-01-20",
    "dies_is_earliest_possible": false,
    "id": "openai:model:gpt-4o-audio",
    "migration_url": null,
    "platform": "first-party",
    "provider": "openai",
    "replacement_id": "gpt-audio-1.5",
    "replacement_notes": null,
    "source_url": "https://developers.openai.com/api/docs/deprecations",
    "status": "deprecated",
    "surface": "model",
    "verified_at": "2026-08-16",
  },
  {
    "announced": "2025-09-15",
    "api_ids": [
      "gpt-4o-audio-preview",
    ],
    "dies": "2026-05-07",
    "dies_is_earliest_possible": false,
    "id": "openai:model:gpt-4o-audio-preview",
    "migration_url": null,
    "platform": "first-party",
    "provider": "openai",
    "replacement_id": "gpt-audio-1.5",
    "replacement_notes": null,
    "source_url": "https://developers.openai.com/api/docs/deprecations",
    "status": "retired",
    "surface": "model",
    "verified_at": "2026-08-16",
  },
  {
    "announced": "2025-06-10",
    "api_ids": [
      "gpt-4o-audio-preview-2024-10-01",
    ],
    "dies": "2025-10-10",
    "dies_is_earliest_possible": false,
    "id": "openai:model:gpt-4o-audio-preview-2024-10-01",
    "migration_url": null,
    "platform": "first-party",
    "provider": "openai",
    "replacement_id": "gpt-audio-1.5",
    "replacement_notes": null,
    "source_url": "https://developers.openai.com/api/docs/deprecations",
    "status": "retired",
    "surface": "model",
    "verified_at": "2026-08-16",
  },
  {
    "announced": "2026-07-20",
    "api_ids": [
      "gpt-4o-mini-audio",
    ],
    "dies": "2027-01-20",
    "dies_is_earliest_possible": false,
    "id": "openai:model:gpt-4o-mini-audio",
    "migration_url": null,
    "platform": "first-party",
    "provider": "openai",
    "replacement_id": "gpt-audio-1.5",
    "replacement_notes": null,
    "source_url": "https://developers.openai.com/api/docs/deprecations",
    "status": "deprecated",
    "surface": "model",
    "verified_at": "2026-08-16",
  },
  {
    "announced": "2025-09-15",
    "api_ids": [
      "gpt-4o-mini-audio-preview",
    ],
    "dies": "2026-05-07",
    "dies_is_earliest_possible": false,
    "id": "openai:model:gpt-4o-mini-audio-preview",
    "migration_url": null,
    "platform": "first-party",
    "provider": "openai",
    "replacement_id": "gpt-audio-mini",
    "replacement_notes": null,
    "source_url": "https://developers.openai.com/api/docs/deprecations",
    "status": "retired",
    "surface": "model",
    "verified_at": "2026-08-16",
  },
  {
    "announced": "2026-07-20",
    "api_ids": [
      "gpt-4o-mini-realtime",
    ],
    "dies": "2027-01-20",
    "dies_is_earliest_possible": false,
    "id": "openai:model:gpt-4o-mini-realtime",
    "migration_url": null,
    "platform": "first-party",
    "provider": "openai",
    "replacement_id": "gpt-realtime-2.1-mini",
    "replacement_notes": null,
    "source_url": "https://developers.openai.com/api/docs/deprecations",
    "status": "deprecated",
    "surface": "model",
    "verified_at": "2026-08-16",
  },
  {
    "announced": "2025-09-15",
    "api_ids": [
      "gpt-4o-mini-realtime-preview",
    ],
    "dies": "2026-05-07",
    "dies_is_earliest_possible": false,
    "id": "openai:model:gpt-4o-mini-realtime-preview",
    "migration_url": null,
    "platform": "first-party",
    "provider": "openai",
    "replacement_id": "gpt-realtime-mini",
    "replacement_notes": null,
    "source_url": "https://developers.openai.com/api/docs/deprecations",
    "status": "retired",
    "surface": "model",
    "verified_at": "2026-08-16",
  },
  {
    "announced": "2026-04-22",
    "api_ids": [
      "gpt-4o-mini-search-preview-2025-03-11",
    ],
    "dies": "2026-07-23",
    "dies_is_earliest_possible": false,
    "id": "openai:model:gpt-4o-mini-search-preview-2025-03-11",
    "migration_url": null,
    "platform": "first-party",
    "provider": "openai",
    "replacement_id": "gpt-5.6-terra",
    "replacement_notes": null,
    "source_url": "https://developers.openai.com/api/docs/deprecations",
    "status": "retired",
    "surface": "model",
    "verified_at": "2026-08-16",
  },
  {
    "announced": "2026-07-20",
    "api_ids": [
      "gpt-4o-mini-transcribe-2025-03-20",
    ],
    "dies": "2027-01-20",
    "dies_is_earliest_possible": false,
    "id": "openai:model:gpt-4o-mini-transcribe-2025-03-20",
    "migration_url": null,
    "platform": "first-party",
    "provider": "openai",
    "replacement_id": "gpt-4o-mini-transcribe-2025-12-15",
    "replacement_notes": null,
    "source_url": "https://developers.openai.com/api/docs/deprecations",
    "status": "deprecated",
    "surface": "model",
    "verified_at": "2026-08-16",
  },
  {
    "announced": "2026-07-20",
    "api_ids": [
      "gpt-4o-realtime",
    ],
    "dies": "2027-01-20",
    "dies_is_earliest_possible": false,
    "id": "openai:model:gpt-4o-realtime",
    "migration_url": null,
    "platform": "first-party",
    "provider": "openai",
    "replacement_id": "gpt-realtime-2.1",
    "replacement_notes": null,
    "source_url": "https://developers.openai.com/api/docs/deprecations",
    "status": "deprecated",
    "surface": "model",
    "verified_at": "2026-08-16",
  },
  {
    "announced": "2025-09-15",
    "api_ids": [
      "gpt-4o-realtime-preview",
    ],
    "dies": "2026-05-07",
    "dies_is_earliest_possible": false,
    "id": "openai:model:gpt-4o-realtime-preview",
    "migration_url": null,
    "platform": "first-party",
    "provider": "openai",
    "replacement_id": "gpt-realtime-1.5",
    "replacement_notes": null,
    "source_url": "https://developers.openai.com/api/docs/deprecations",
    "status": "retired",
    "surface": "model",
    "verified_at": "2026-08-16",
  },
  {
    "announced": "2025-06-10",
    "api_ids": [
      "gpt-4o-realtime-preview-2024-10-01",
    ],
    "dies": "2025-10-10",
    "dies_is_earliest_possible": false,
    "id": "openai:model:gpt-4o-realtime-preview-2024-10-01",
    "migration_url": null,
    "platform": "first-party",
    "provider": "openai",
    "replacement_id": "gpt-realtime-1.5",
    "replacement_notes": null,
    "source_url": "https://developers.openai.com/api/docs/deprecations",
    "status": "retired",
    "surface": "model",
    "verified_at": "2026-08-16",
  },
  {
    "announced": "2025-09-15",
    "api_ids": [
      "gpt-4o-realtime-preview-2024-12-17",
    ],
    "dies": "2026-05-07",
    "dies_is_earliest_possible": false,
    "id": "openai:model:gpt-4o-realtime-preview-2024-12-17",
    "migration_url": null,
    "platform": "first-party",
    "provider": "openai",
    "replacement_id": "gpt-realtime-1.5",
    "replacement_notes": null,
    "source_url": "https://developers.openai.com/api/docs/deprecations",
    "status": "retired",
    "surface": "model",
    "verified_at": "2026-08-16",
  },
  {
    "announced": "2025-09-15",
    "api_ids": [
      "gpt-4o-realtime-preview-2025-06-03",
    ],
    "dies": "2026-05-07",
    "dies_is_earliest_possible": false,
    "id": "openai:model:gpt-4o-realtime-preview-2025-06-03",
    "migration_url": null,
    "platform": "first-party",
    "provider": "openai",
    "replacement_id": "gpt-realtime-1.5",
    "replacement_notes": null,
    "source_url": "https://developers.openai.com/api/docs/deprecations",
    "status": "retired",
    "surface": "model",
    "verified_at": "2026-08-16",
  },
  {
    "announced": "2026-04-22",
    "api_ids": [
      "gpt-4o-search-preview-2025-03-11",
    ],
    "dies": "2026-07-23",
    "dies_is_earliest_possible": false,
    "id": "openai:model:gpt-4o-search-preview-2025-03-11",
    "migration_url": null,
    "platform": "first-party",
    "provider": "openai",
    "replacement_id": "gpt-5.6-terra",
    "replacement_notes": null,
    "source_url": "https://developers.openai.com/api/docs/deprecations",
    "status": "retired",
    "surface": "model",
    "verified_at": "2026-08-16",
  },
  {
    "announced": "2026-06-11",
    "api_ids": [
      "gpt-5-2025-08-07",
    ],
    "dies": "2026-12-11",
    "dies_is_earliest_possible": false,
    "id": "openai:model:gpt-5-2025-08-07",
    "migration_url": null,
    "platform": "first-party",
    "provider": "openai",
    "replacement_id": "gpt-5.6-sol",
    "replacement_notes": null,
    "source_url": "https://developers.openai.com/api/docs/deprecations",
    "status": "deprecated",
    "surface": "model",
    "verified_at": "2026-08-16",
  },
  {
    "announced": "2026-04-22",
    "api_ids": [
      "gpt-5-chat-latest",
    ],
    "dies": "2026-07-23",
    "dies_is_earliest_possible": false,
    "id": "openai:model:gpt-5-chat-latest",
    "migration_url": null,
    "platform": "first-party",
    "provider": "openai",
    "replacement_id": "gpt-5.6-sol",
    "replacement_notes": null,
    "source_url": "https://developers.openai.com/api/docs/deprecations",
    "status": "retired",
    "surface": "model",
    "verified_at": "2026-08-16",
  },
  {
    "announced": "2026-04-22",
    "api_ids": [
      "gpt-5-codex",
    ],
    "dies": "2026-07-23",
    "dies_is_earliest_possible": false,
    "id": "openai:model:gpt-5-codex",
    "migration_url": null,
    "platform": "first-party",
    "provider": "openai",
    "replacement_id": "gpt-5.6-sol",
    "replacement_notes": null,
    "source_url": "https://developers.openai.com/api/docs/deprecations",
    "status": "retired",
    "surface": "model",
    "verified_at": "2026-08-16",
  },
  {
    "announced": "2026-06-11",
    "api_ids": [
      "gpt-5-mini-2025-08-07",
    ],
    "dies": "2026-12-11",
    "dies_is_earliest_possible": false,
    "id": "openai:model:gpt-5-mini-2025-08-07",
    "migration_url": null,
    "platform": "first-party",
    "provider": "openai",
    "replacement_id": "gpt-5.6-terra",
    "replacement_notes": null,
    "source_url": "https://developers.openai.com/api/docs/deprecations",
    "status": "deprecated",
    "surface": "model",
    "verified_at": "2026-08-16",
  },
  {
    "announced": "2026-06-11",
    "api_ids": [
      "gpt-5-nano-2025-08-07",
    ],
    "dies": "2026-12-11",
    "dies_is_earliest_possible": false,
    "id": "openai:model:gpt-5-nano-2025-08-07",
    "migration_url": null,
    "platform": "first-party",
    "provider": "openai",
    "replacement_id": "gpt-5.6-luna",
    "replacement_notes": null,
    "source_url": "https://developers.openai.com/api/docs/deprecations",
    "status": "deprecated",
    "surface": "model",
    "verified_at": "2026-08-16",
  },
  {
    "announced": "2026-06-11",
    "api_ids": [
      "gpt-5-pro-2025-10-06",
    ],
    "dies": "2026-12-11",
    "dies_is_earliest_possible": false,
    "id": "openai:model:gpt-5-pro-2025-10-06",
    "migration_url": null,
    "platform": "first-party",
    "provider": "openai",
    "replacement_id": "gpt-5.6-sol",
    "replacement_notes": "reasoning.mode: pro",
    "source_url": "https://developers.openai.com/api/docs/deprecations",
    "status": "deprecated",
    "surface": "model",
    "verified_at": "2026-08-16",
  },
  {
    "announced": "2026-04-22",
    "api_ids": [
      "gpt-5.1-chat-latest",
    ],
    "dies": "2026-07-23",
    "dies_is_earliest_possible": false,
    "id": "openai:model:gpt-5.1-chat-latest",
    "migration_url": null,
    "platform": "first-party",
    "provider": "openai",
    "replacement_id": "gpt-5.6-sol",
    "replacement_notes": null,
    "source_url": "https://developers.openai.com/api/docs/deprecations",
    "status": "retired",
    "surface": "model",
    "verified_at": "2026-08-16",
  },
  {
    "announced": "2026-04-22",
    "api_ids": [
      "gpt-5.1-codex",
    ],
    "dies": "2026-07-23",
    "dies_is_earliest_possible": false,
    "id": "openai:model:gpt-5.1-codex",
    "migration_url": null,
    "platform": "first-party",
    "provider": "openai",
    "replacement_id": "gpt-5.6-sol",
    "replacement_notes": null,
    "source_url": "https://developers.openai.com/api/docs/deprecations",
    "status": "retired",
    "surface": "model",
    "verified_at": "2026-08-16",
  },
  {
    "announced": "2026-04-22",
    "api_ids": [
      "gpt-5.1-codex-max",
    ],
    "dies": "2026-07-23",
    "dies_is_earliest_possible": false,
    "id": "openai:model:gpt-5.1-codex-max",
    "migration_url": null,
    "platform": "first-party",
    "provider": "openai",
    "replacement_id": "gpt-5.6-sol",
    "replacement_notes": null,
    "source_url": "https://developers.openai.com/api/docs/deprecations",
    "status": "retired",
    "surface": "model",
    "verified_at": "2026-08-16",
  },
  {
    "announced": "2026-04-22",
    "api_ids": [
      "gpt-5.1-codex-mini",
    ],
    "dies": "2026-07-23",
    "dies_is_earliest_possible": false,
    "id": "openai:model:gpt-5.1-codex-mini",
    "migration_url": null,
    "platform": "first-party",
    "provider": "openai",
    "replacement_id": "gpt-5.6-terra",
    "replacement_notes": null,
    "source_url": "https://developers.openai.com/api/docs/deprecations",
    "status": "retired",
    "surface": "model",
    "verified_at": "2026-08-16",
  },
  {
    "announced": "2026-05-08",
    "api_ids": [
      "gpt-5.2-chat-latest",
    ],
    "dies": "2026-08-10",
    "dies_is_earliest_possible": false,
    "id": "openai:model:gpt-5.2-chat-latest",
    "migration_url": null,
    "platform": "first-party",
    "provider": "openai",
    "replacement_id": "gpt-5.6-sol",
    "replacement_notes": null,
    "source_url": "https://developers.openai.com/api/docs/deprecations",
    "status": "retired",
    "surface": "model",
    "verified_at": "2026-08-16",
  },
  {
    "announced": "2026-04-22",
    "api_ids": [
      "gpt-5.2-codex",
    ],
    "dies": "2026-07-23",
    "dies_is_earliest_possible": false,
    "id": "openai:model:gpt-5.2-codex",
    "migration_url": null,
    "platform": "first-party",
    "provider": "openai",
    "replacement_id": "gpt-5.6-sol",
    "replacement_notes": null,
    "source_url": "https://developers.openai.com/api/docs/deprecations",
    "status": "retired",
    "surface": "model",
    "verified_at": "2026-08-16",
  },
  {
    "announced": "2026-05-08",
    "api_ids": [
      "gpt-5.3-chat-latest",
    ],
    "dies": "2026-08-10",
    "dies_is_earliest_possible": false,
    "id": "openai:model:gpt-5.3-chat-latest",
    "migration_url": null,
    "platform": "first-party",
    "provider": "openai",
    "replacement_id": "gpt-5.6-sol",
    "replacement_notes": null,
    "source_url": "https://developers.openai.com/api/docs/deprecations",
    "status": "retired",
    "surface": "model",
    "verified_at": "2026-08-16",
  },
  {
    "announced": "2026-07-20",
    "api_ids": [
      "gpt-audio",
    ],
    "dies": "2027-01-20",
    "dies_is_earliest_possible": false,
    "id": "openai:model:gpt-audio",
    "migration_url": null,
    "platform": "first-party",
    "provider": "openai",
    "replacement_id": "gpt-audio-1.5",
    "replacement_notes": null,
    "source_url": "https://developers.openai.com/api/docs/deprecations",
    "status": "deprecated",
    "surface": "model",
    "verified_at": "2026-08-16",
  },
  {
    "announced": "2026-07-20",
    "api_ids": [
      "gpt-audio-mini",
    ],
    "dies": "2027-01-20",
    "dies_is_earliest_possible": false,
    "id": "openai:model:gpt-audio-mini",
    "migration_url": null,
    "platform": "first-party",
    "provider": "openai",
    "replacement_id": "gpt-audio-1.5",
    "replacement_notes": null,
    "source_url": "https://developers.openai.com/api/docs/deprecations",
    "status": "deprecated",
    "surface": "model",
    "verified_at": "2026-08-16",
  },
  {
    "announced": "2026-04-22",
    "api_ids": [
      "gpt-audio-mini-2025-10-06",
    ],
    "dies": "2026-07-23",
    "dies_is_earliest_possible": false,
    "id": "openai:model:gpt-audio-mini-2025-10-06",
    "migration_url": null,
    "platform": "first-party",
    "provider": "openai",
    "replacement_id": "gpt-audio-1.5",
    "replacement_notes": null,
    "source_url": "https://developers.openai.com/api/docs/deprecations",
    "status": "retired",
    "surface": "model",
    "verified_at": "2026-08-16",
  },
  {
    "announced": "2026-04-22",
    "api_ids": [
      "gpt-image-1",
    ],
    "dies": "2026-10-23",
    "dies_is_earliest_possible": false,
    "id": "openai:model:gpt-image-1",
    "migration_url": null,
    "platform": "first-party",
    "provider": "openai",
    "replacement_id": "gpt-image-2",
    "replacement_notes": null,
    "source_url": "https://developers.openai.com/api/docs/deprecations",
    "status": "deprecated",
    "surface": "model",
    "verified_at": "2026-08-16",
  },
  {
    "announced": "2026-06-02",
    "api_ids": [
      "gpt-image-1-mini",
    ],
    "dies": "2026-12-01",
    "dies_is_earliest_possible": false,
    "id": "openai:model:gpt-image-1-mini",
    "migration_url": null,
    "platform": "first-party",
    "provider": "openai",
    "replacement_id": "gpt-image-2",
    "replacement_notes": null,
    "source_url": "https://developers.openai.com/api/docs/deprecations",
    "status": "deprecated",
    "surface": "model",
    "verified_at": "2026-08-16",
  },
  {
    "announced": "2026-06-02",
    "api_ids": [
      "gpt-image-1.5",
    ],
    "dies": "2026-12-01",
    "dies_is_earliest_possible": false,
    "id": "openai:model:gpt-image-1.5",
    "migration_url": null,
    "platform": "first-party",
    "provider": "openai",
    "replacement_id": "gpt-image-2",
    "replacement_notes": null,
    "source_url": "https://developers.openai.com/api/docs/deprecations",
    "status": "deprecated",
    "surface": "model",
    "verified_at": "2026-08-16",
  },
  {
    "announced": "2026-07-20",
    "api_ids": [
      "gpt-realtime",
    ],
    "dies": "2027-01-20",
    "dies_is_earliest_possible": false,
    "id": "openai:model:gpt-realtime",
    "migration_url": null,
    "platform": "first-party",
    "provider": "openai",
    "replacement_id": "gpt-realtime-2.1",
    "replacement_notes": null,
    "source_url": "https://developers.openai.com/api/docs/deprecations",
    "status": "deprecated",
    "surface": "model",
    "verified_at": "2026-08-16",
  },
  {
    "announced": "2026-07-20",
    "api_ids": [
      "gpt-realtime-mini",
    ],
    "dies": "2027-01-20",
    "dies_is_earliest_possible": false,
    "id": "openai:model:gpt-realtime-mini",
    "migration_url": null,
    "platform": "first-party",
    "provider": "openai",
    "replacement_id": "gpt-realtime-2.1-mini",
    "replacement_notes": null,
    "source_url": "https://developers.openai.com/api/docs/deprecations",
    "status": "deprecated",
    "surface": "model",
    "verified_at": "2026-08-16",
  },
  {
    "announced": "2026-04-22",
    "api_ids": [
      "gpt-realtime-mini-2025-10-06",
    ],
    "dies": "2026-07-23",
    "dies_is_earliest_possible": false,
    "id": "openai:model:gpt-realtime-mini-2025-10-06",
    "migration_url": null,
    "platform": "first-party",
    "provider": "openai",
    "replacement_id": "gpt-realtime-2.1-mini",
    "replacement_notes": null,
    "source_url": "https://developers.openai.com/api/docs/deprecations",
    "status": "retired",
    "surface": "model",
    "verified_at": "2026-08-16",
  },
  {
    "announced": "2026-04-22",
    "api_ids": [
      "o1-2024-12-17",
      "o1",
    ],
    "dies": "2026-10-23",
    "dies_is_earliest_possible": false,
    "id": "openai:model:o1-2024-12-17",
    "migration_url": null,
    "platform": "first-party",
    "provider": "openai",
    "replacement_id": "gpt-5.6-sol",
    "replacement_notes": null,
    "source_url": "https://developers.openai.com/api/docs/deprecations",
    "status": "deprecated",
    "surface": "model",
    "verified_at": "2026-08-16",
  },
  {
    "announced": "2025-04-28",
    "api_ids": [
      "o1-mini",
    ],
    "dies": "2025-10-27",
    "dies_is_earliest_possible": false,
    "id": "openai:model:o1-mini",
    "migration_url": null,
    "platform": "first-party",
    "provider": "openai",
    "replacement_id": "o4-mini",
    "replacement_notes": null,
    "source_url": "https://developers.openai.com/api/docs/deprecations",
    "status": "retired",
    "surface": "model",
    "verified_at": "2026-08-16",
  },
  {
    "announced": "2025-04-28",
    "api_ids": [
      "o1-preview",
    ],
    "dies": "2025-07-28",
    "dies_is_earliest_possible": false,
    "id": "openai:model:o1-preview",
    "migration_url": null,
    "platform": "first-party",
    "provider": "openai",
    "replacement_id": "o3",
    "replacement_notes": null,
    "source_url": "https://developers.openai.com/api/docs/deprecations",
    "status": "retired",
    "surface": "model",
    "verified_at": "2026-08-16",
  },
  {
    "announced": "2026-04-22",
    "api_ids": [
      "o1-pro-2025-03-19",
      "o1-pro",
    ],
    "dies": "2026-10-23",
    "dies_is_earliest_possible": false,
    "id": "openai:model:o1-pro-2025-03-19",
    "migration_url": null,
    "platform": "first-party",
    "provider": "openai",
    "replacement_id": "gpt-5.6-sol",
    "replacement_notes": "reasoning.mode: pro",
    "source_url": "https://developers.openai.com/api/docs/deprecations",
    "status": "deprecated",
    "surface": "model",
    "verified_at": "2026-08-16",
  },
  {
    "announced": "2026-06-11",
    "api_ids": [
      "o3-2025-04-16",
    ],
    "dies": "2026-12-11",
    "dies_is_earliest_possible": false,
    "id": "openai:model:o3-2025-04-16",
    "migration_url": null,
    "platform": "first-party",
    "provider": "openai",
    "replacement_id": "gpt-5.6-sol",
    "replacement_notes": null,
    "source_url": "https://developers.openai.com/api/docs/deprecations",
    "status": "deprecated",
    "surface": "model",
    "verified_at": "2026-08-16",
  },
  {
    "announced": "2026-04-22",
    "api_ids": [
      "o3-deep-research-2025-06-26",
      "o3-deep-research",
    ],
    "dies": "2026-07-23",
    "dies_is_earliest_possible": false,
    "id": "openai:model:o3-deep-research-2025-06-26",
    "migration_url": null,
    "platform": "first-party",
    "provider": "openai",
    "replacement_id": "gpt-5.6-sol",
    "replacement_notes": null,
    "source_url": "https://developers.openai.com/api/docs/deprecations",
    "status": "retired",
    "surface": "model",
    "verified_at": "2026-08-16",
  },
  {
    "announced": "2026-04-22",
    "api_ids": [
      "o3-mini-2025-01-31",
      "o3-mini",
    ],
    "dies": "2026-10-23",
    "dies_is_earliest_possible": false,
    "id": "openai:model:o3-mini-2025-01-31",
    "migration_url": null,
    "platform": "first-party",
    "provider": "openai",
    "replacement_id": "gpt-5.6-sol",
    "replacement_notes": null,
    "source_url": "https://developers.openai.com/api/docs/deprecations",
    "status": "deprecated",
    "surface": "model",
    "verified_at": "2026-08-16",
  },
  {
    "announced": "2026-06-11",
    "api_ids": [
      "o3-pro-2025-06-10",
    ],
    "dies": "2026-12-11",
    "dies_is_earliest_possible": false,
    "id": "openai:model:o3-pro-2025-06-10",
    "migration_url": null,
    "platform": "first-party",
    "provider": "openai",
    "replacement_id": "gpt-5.6-sol",
    "replacement_notes": "reasoning.mode: pro",
    "source_url": "https://developers.openai.com/api/docs/deprecations",
    "status": "deprecated",
    "surface": "model",
    "verified_at": "2026-08-16",
  },
  {
    "announced": "2026-04-22",
    "api_ids": [
      "o4-mini-2025-04-16",
      "o4-mini",
    ],
    "dies": "2026-10-23",
    "dies_is_earliest_possible": false,
    "id": "openai:model:o4-mini-2025-04-16",
    "migration_url": null,
    "platform": "first-party",
    "provider": "openai",
    "replacement_id": "gpt-5.6-terra",
    "replacement_notes": null,
    "source_url": "https://developers.openai.com/api/docs/deprecations",
    "status": "deprecated",
    "surface": "model",
    "verified_at": "2026-08-16",
  },
  {
    "announced": "2026-04-22",
    "api_ids": [
      "o4-mini-deep-research-2025-06-26",
      "o4-mini-deep-research",
    ],
    "dies": "2026-07-23",
    "dies_is_earliest_possible": false,
    "id": "openai:model:o4-mini-deep-research-2025-06-26",
    "migration_url": null,
    "platform": "first-party",
    "provider": "openai",
    "replacement_id": "gpt-5.6-sol",
    "replacement_notes": null,
    "source_url": "https://developers.openai.com/api/docs/deprecations",
    "status": "retired",
    "surface": "model",
    "verified_at": "2026-08-16",
  },
  {
    "announced": "2026-03-24",
    "api_ids": [
      "sora-2",
    ],
    "dies": "2026-09-24",
    "dies_is_earliest_possible": false,
    "id": "openai:model:sora-2",
    "migration_url": null,
    "platform": "first-party",
    "provider": "openai",
    "replacement_id": null,
    "replacement_notes": null,
    "source_url": "https://developers.openai.com/api/docs/deprecations",
    "status": "deprecated",
    "surface": "model",
    "verified_at": "2026-08-16",
  },
  {
    "announced": "2026-03-24",
    "api_ids": [
      "sora-2-2025-10-06",
    ],
    "dies": "2026-09-24",
    "dies_is_earliest_possible": false,
    "id": "openai:model:sora-2-2025-10-06",
    "migration_url": null,
    "platform": "first-party",
    "provider": "openai",
    "replacement_id": null,
    "replacement_notes": null,
    "source_url": "https://developers.openai.com/api/docs/deprecations",
    "status": "deprecated",
    "surface": "model",
    "verified_at": "2026-08-16",
  },
  {
    "announced": "2026-03-24",
    "api_ids": [
      "sora-2-2025-12-08",
    ],
    "dies": "2026-09-24",
    "dies_is_earliest_possible": false,
    "id": "openai:model:sora-2-2025-12-08",
    "migration_url": null,
    "platform": "first-party",
    "provider": "openai",
    "replacement_id": null,
    "replacement_notes": null,
    "source_url": "https://developers.openai.com/api/docs/deprecations",
    "status": "deprecated",
    "surface": "model",
    "verified_at": "2026-08-16",
  },
  {
    "announced": "2026-03-24",
    "api_ids": [
      "sora-2-pro",
    ],
    "dies": "2026-09-24",
    "dies_is_earliest_possible": false,
    "id": "openai:model:sora-2-pro",
    "migration_url": null,
    "platform": "first-party",
    "provider": "openai",
    "replacement_id": null,
    "replacement_notes": null,
    "source_url": "https://developers.openai.com/api/docs/deprecations",
    "status": "deprecated",
    "surface": "model",
    "verified_at": "2026-08-16",
  },
  {
    "announced": "2026-03-24",
    "api_ids": [
      "sora-2-pro-2025-10-06",
    ],
    "dies": "2026-09-24",
    "dies_is_earliest_possible": false,
    "id": "openai:model:sora-2-pro-2025-10-06",
    "migration_url": null,
    "platform": "first-party",
    "provider": "openai",
    "replacement_id": null,
    "replacement_notes": null,
    "source_url": "https://developers.openai.com/api/docs/deprecations",
    "status": "deprecated",
    "surface": "model",
    "verified_at": "2026-08-16",
  },
  {
    "announced": "2023-07-06",
    "api_ids": [
      "text-ada-001",
    ],
    "dies": "2024-01-04",
    "dies_is_earliest_possible": false,
    "id": "openai:model:text-ada-001",
    "migration_url": null,
    "platform": "first-party",
    "provider": "openai",
    "replacement_id": "gpt-3.5-turbo-instruct",
    "replacement_notes": null,
    "source_url": "https://developers.openai.com/api/docs/deprecations",
    "status": "retired",
    "surface": "model",
    "verified_at": "2026-08-16",
  },
  {
    "announced": "2023-07-06",
    "api_ids": [
      "text-babbage-001",
    ],
    "dies": "2024-01-04",
    "dies_is_earliest_possible": false,
    "id": "openai:model:text-babbage-001",
    "migration_url": null,
    "platform": "first-party",
    "provider": "openai",
    "replacement_id": "gpt-3.5-turbo-instruct",
    "replacement_notes": null,
    "source_url": "https://developers.openai.com/api/docs/deprecations",
    "status": "retired",
    "surface": "model",
    "verified_at": "2026-08-16",
  },
  {
    "announced": "2023-07-06",
    "api_ids": [
      "text-curie-001",
    ],
    "dies": "2024-01-04",
    "dies_is_earliest_possible": false,
    "id": "openai:model:text-curie-001",
    "migration_url": null,
    "platform": "first-party",
    "provider": "openai",
    "replacement_id": "gpt-3.5-turbo-instruct",
    "replacement_notes": null,
    "source_url": "https://developers.openai.com/api/docs/deprecations",
    "status": "retired",
    "surface": "model",
    "verified_at": "2026-08-16",
  },
  {
    "announced": "2023-07-06",
    "api_ids": [
      "text-davinci-001",
    ],
    "dies": "2024-01-04",
    "dies_is_earliest_possible": false,
    "id": "openai:model:text-davinci-001",
    "migration_url": null,
    "platform": "first-party",
    "provider": "openai",
    "replacement_id": "gpt-3.5-turbo-instruct",
    "replacement_notes": null,
    "source_url": "https://developers.openai.com/api/docs/deprecations",
    "status": "retired",
    "surface": "model",
    "verified_at": "2026-08-16",
  },
  {
    "announced": "2023-07-06",
    "api_ids": [
      "text-davinci-002",
    ],
    "dies": "2024-01-04",
    "dies_is_earliest_possible": false,
    "id": "openai:model:text-davinci-002",
    "migration_url": null,
    "platform": "first-party",
    "provider": "openai",
    "replacement_id": "gpt-3.5-turbo-instruct",
    "replacement_notes": null,
    "source_url": "https://developers.openai.com/api/docs/deprecations",
    "status": "retired",
    "surface": "model",
    "verified_at": "2026-08-16",
  },
  {
    "announced": "2023-07-06",
    "api_ids": [
      "text-davinci-003",
    ],
    "dies": "2024-01-04",
    "dies_is_earliest_possible": false,
    "id": "openai:model:text-davinci-003",
    "migration_url": null,
    "platform": "first-party",
    "provider": "openai",
    "replacement_id": "gpt-3.5-turbo-instruct",
    "replacement_notes": null,
    "source_url": "https://developers.openai.com/api/docs/deprecations",
    "status": "retired",
    "surface": "model",
    "verified_at": "2026-08-16",
  },
  {
    "announced": "2023-07-06",
    "api_ids": [
      "text-davinci-edit-001",
    ],
    "dies": "2024-01-04",
    "dies_is_earliest_possible": false,
    "id": "openai:model:text-davinci-edit-001",
    "migration_url": null,
    "platform": "first-party",
    "provider": "openai",
    "replacement_id": "gpt-4o",
    "replacement_notes": null,
    "source_url": "https://developers.openai.com/api/docs/deprecations",
    "status": "retired",
    "surface": "model",
    "verified_at": "2026-08-16",
  },
  {
    "announced": "2025-04-28",
    "api_ids": [
      "text-moderation-007",
    ],
    "dies": "2025-10-27",
    "dies_is_earliest_possible": false,
    "id": "openai:model:text-moderation-007",
    "migration_url": null,
    "platform": "first-party",
    "provider": "openai",
    "replacement_id": "omni-moderation",
    "replacement_notes": null,
    "source_url": "https://developers.openai.com/api/docs/deprecations",
    "status": "retired",
    "surface": "model",
    "verified_at": "2026-08-16",
  },
  {
    "announced": "2025-04-28",
    "api_ids": [
      "text-moderation-latest",
    ],
    "dies": "2025-10-27",
    "dies_is_earliest_possible": false,
    "id": "openai:model:text-moderation-latest",
    "migration_url": null,
    "platform": "first-party",
    "provider": "openai",
    "replacement_id": "omni-moderation",
    "replacement_notes": null,
    "source_url": "https://developers.openai.com/api/docs/deprecations",
    "status": "retired",
    "surface": "model",
    "verified_at": "2026-08-16",
  },
  {
    "announced": "2025-04-28",
    "api_ids": [
      "text-moderation-stable",
    ],
    "dies": "2025-10-27",
    "dies_is_earliest_possible": false,
    "id": "openai:model:text-moderation-stable",
    "migration_url": null,
    "platform": "first-party",
    "provider": "openai",
    "replacement_id": "omni-moderation",
    "replacement_notes": null,
    "source_url": "https://developers.openai.com/api/docs/deprecations",
    "status": "retired",
    "surface": "model",
    "verified_at": "2026-08-16",
  },
  {
    "announced": "2023-07-06",
    "api_ids": [
      "text-search-ada-doc-001",
    ],
    "dies": "2024-01-04",
    "dies_is_earliest_possible": false,
    "id": "openai:model:text-search-ada-doc-001",
    "migration_url": null,
    "platform": "first-party",
    "provider": "openai",
    "replacement_id": "text-embedding-3-small",
    "replacement_notes": null,
    "source_url": "https://developers.openai.com/api/docs/deprecations",
    "status": "retired",
    "surface": "model",
    "verified_at": "2026-08-16",
  },
  {
    "announced": "2023-07-06",
    "api_ids": [
      "text-search-ada-query-001",
    ],
    "dies": "2024-01-04",
    "dies_is_earliest_possible": false,
    "id": "openai:model:text-search-ada-query-001",
    "migration_url": null,
    "platform": "first-party",
    "provider": "openai",
    "replacement_id": "text-embedding-3-small",
    "replacement_notes": null,
    "source_url": "https://developers.openai.com/api/docs/deprecations",
    "status": "retired",
    "surface": "model",
    "verified_at": "2026-08-16",
  },
  {
    "announced": "2023-07-06",
    "api_ids": [
      "text-search-babbage-doc-001",
    ],
    "dies": "2024-01-04",
    "dies_is_earliest_possible": false,
    "id": "openai:model:text-search-babbage-doc-001",
    "migration_url": null,
    "platform": "first-party",
    "provider": "openai",
    "replacement_id": "text-embedding-3-small",
    "replacement_notes": null,
    "source_url": "https://developers.openai.com/api/docs/deprecations",
    "status": "retired",
    "surface": "model",
    "verified_at": "2026-08-16",
  },
  {
    "announced": "2023-07-06",
    "api_ids": [
      "text-search-babbage-query-001",
    ],
    "dies": "2024-01-04",
    "dies_is_earliest_possible": false,
    "id": "openai:model:text-search-babbage-query-001",
    "migration_url": null,
    "platform": "first-party",
    "provider": "openai",
    "replacement_id": "text-embedding-3-small",
    "replacement_notes": null,
    "source_url": "https://developers.openai.com/api/docs/deprecations",
    "status": "retired",
    "surface": "model",
    "verified_at": "2026-08-16",
  },
  {
    "announced": "2023-07-06",
    "api_ids": [
      "text-search-curie-doc-001",
    ],
    "dies": "2024-01-04",
    "dies_is_earliest_possible": false,
    "id": "openai:model:text-search-curie-doc-001",
    "migration_url": null,
    "platform": "first-party",
    "provider": "openai",
    "replacement_id": "text-embedding-3-small",
    "replacement_notes": null,
    "source_url": "https://developers.openai.com/api/docs/deprecations",
    "status": "retired",
    "surface": "model",
    "verified_at": "2026-08-16",
  },
  {
    "announced": "2023-07-06",
    "api_ids": [
      "text-search-curie-query-001",
    ],
    "dies": "2024-01-04",
    "dies_is_earliest_possible": false,
    "id": "openai:model:text-search-curie-query-001",
    "migration_url": null,
    "platform": "first-party",
    "provider": "openai",
    "replacement_id": "text-embedding-3-small",
    "replacement_notes": null,
    "source_url": "https://developers.openai.com/api/docs/deprecations",
    "status": "retired",
    "surface": "model",
    "verified_at": "2026-08-16",
  },
  {
    "announced": "2023-07-06",
    "api_ids": [
      "text-search-davinci-doc-001",
    ],
    "dies": "2024-01-04",
    "dies_is_earliest_possible": false,
    "id": "openai:model:text-search-davinci-doc-001",
    "migration_url": null,
    "platform": "first-party",
    "provider": "openai",
    "replacement_id": "text-embedding-3-small",
    "replacement_notes": null,
    "source_url": "https://developers.openai.com/api/docs/deprecations",
    "status": "retired",
    "surface": "model",
    "verified_at": "2026-08-16",
  },
  {
    "announced": "2023-07-06",
    "api_ids": [
      "text-search-davinci-query-001",
    ],
    "dies": "2024-01-04",
    "dies_is_earliest_possible": false,
    "id": "openai:model:text-search-davinci-query-001",
    "migration_url": null,
    "platform": "first-party",
    "provider": "openai",
    "replacement_id": "text-embedding-3-small",
    "replacement_notes": null,
    "source_url": "https://developers.openai.com/api/docs/deprecations",
    "status": "retired",
    "surface": "model",
    "verified_at": "2026-08-16",
  },
  {
    "announced": "2023-07-06",
    "api_ids": [
      "text-similarity-ada-001",
    ],
    "dies": "2024-01-04",
    "dies_is_earliest_possible": false,
    "id": "openai:model:text-similarity-ada-001",
    "migration_url": null,
    "platform": "first-party",
    "provider": "openai",
    "replacement_id": "text-embedding-3-small",
    "replacement_notes": null,
    "source_url": "https://developers.openai.com/api/docs/deprecations",
    "status": "retired",
    "surface": "model",
    "verified_at": "2026-08-16",
  },
  {
    "announced": "2023-07-06",
    "api_ids": [
      "text-similarity-babbage-001",
    ],
    "dies": "2024-01-04",
    "dies_is_earliest_possible": false,
    "id": "openai:model:text-similarity-babbage-001",
    "migration_url": null,
    "platform": "first-party",
    "provider": "openai",
    "replacement_id": "text-embedding-3-small",
    "replacement_notes": null,
    "source_url": "https://developers.openai.com/api/docs/deprecations",
    "status": "retired",
    "surface": "model",
    "verified_at": "2026-08-16",
  },
  {
    "announced": "2023-07-06",
    "api_ids": [
      "text-similarity-curie-001",
    ],
    "dies": "2024-01-04",
    "dies_is_earliest_possible": false,
    "id": "openai:model:text-similarity-curie-001",
    "migration_url": null,
    "platform": "first-party",
    "provider": "openai",
    "replacement_id": "text-embedding-3-small",
    "replacement_notes": null,
    "source_url": "https://developers.openai.com/api/docs/deprecations",
    "status": "retired",
    "surface": "model",
    "verified_at": "2026-08-16",
  },
  {
    "announced": "2023-07-06",
    "api_ids": [
      "text-similarity-davinci-001",
    ],
    "dies": "2024-01-04",
    "dies_is_earliest_possible": false,
    "id": "openai:model:text-similarity-davinci-001",
    "migration_url": null,
    "platform": "first-party",
    "provider": "openai",
    "replacement_id": "text-embedding-3-small",
    "replacement_notes": null,
    "source_url": "https://developers.openai.com/api/docs/deprecations",
    "status": "retired",
    "surface": "model",
    "verified_at": "2026-08-16",
  },
]
`;
